Archive member included to satisfy reference by file (symbol)

/usr/lib/gcc/arm-none-eabi/4.9.3/../../../arm-none-eabi/lib/armv7-m/libm.a(lib_a-w_atan2.o)
                              build/obj/main.o (atan2)
/usr/lib/gcc/arm-none-eabi/4.9.3/../../../arm-none-eabi/lib/armv7-m/libm.a(lib_a-w_sqrt.o)
                              build/obj/main.o (sqrt)
/usr/lib/gcc/arm-none-eabi/4.9.3/../../../arm-none-eabi/lib/armv7-m/libm.a(lib_a-e_atan2.o)
                              /usr/lib/gcc/arm-none-eabi/4.9.3/../../../arm-none-eabi/lib/armv7-m/libm.a(lib_a-w_atan2.o) (__ieee754_atan2)
/usr/lib/gcc/arm-none-eabi/4.9.3/../../../arm-none-eabi/lib/armv7-m/libm.a(lib_a-e_sqrt.o)
                              /usr/lib/gcc/arm-none-eabi/4.9.3/../../../arm-none-eabi/lib/armv7-m/libm.a(lib_a-w_sqrt.o) (__ieee754_sqrt)
/usr/lib/gcc/arm-none-eabi/4.9.3/../../../arm-none-eabi/lib/armv7-m/libm.a(lib_a-s_atan.o)
                              /usr/lib/gcc/arm-none-eabi/4.9.3/../../../arm-none-eabi/lib/armv7-m/libm.a(lib_a-e_atan2.o) (atan)
/usr/lib/gcc/arm-none-eabi/4.9.3/../../../arm-none-eabi/lib/armv7-m/libm.a(lib_a-s_fabs.o)
                              /usr/lib/gcc/arm-none-eabi/4.9.3/../../../arm-none-eabi/lib/armv7-m/libm.a(lib_a-e_atan2.o) (fabs)
/usr/lib/gcc/arm-none-eabi/4.9.3/../../../arm-none-eabi/lib/armv7-m/libm.a(lib_a-s_fpclassify.o)
                              /usr/lib/gcc/arm-none-eabi/4.9.3/../../../arm-none-eabi/lib/armv7-m/libm.a(lib_a-w_sqrt.o) (__fpclassifyd)
/usr/lib/gcc/arm-none-eabi/4.9.3/../../../arm-none-eabi/lib/armv7-m/libm.a(lib_a-s_lib_ver.o)
                              /usr/lib/gcc/arm-none-eabi/4.9.3/../../../arm-none-eabi/lib/armv7-m/libm.a(lib_a-w_sqrt.o) (__fdlib_version)
/usr/lib/gcc/arm-none-eabi/4.9.3/../../../arm-none-eabi/lib/armv7-m/libm.a(lib_a-s_matherr.o)
                              /usr/lib/gcc/arm-none-eabi/4.9.3/../../../arm-none-eabi/lib/armv7-m/libm.a(lib_a-w_sqrt.o) (matherr)
/usr/lib/gcc/arm-none-eabi/4.9.3/armv7-m/libgcc.a(_arm_addsubdf3.o)
                              build/obj/hts221.o (__aeabi_dsub)
/usr/lib/gcc/arm-none-eabi/4.9.3/armv7-m/libgcc.a(_arm_muldivdf3.o)
                              build/obj/hts221.o (__aeabi_dmul)
/usr/lib/gcc/arm-none-eabi/4.9.3/armv7-m/libgcc.a(_arm_cmpdf2.o)
                              /usr/lib/gcc/arm-none-eabi/4.9.3/../../../arm-none-eabi/lib/armv7-m/libm.a(lib_a-w_sqrt.o) (__aeabi_dcmplt)
/usr/lib/gcc/arm-none-eabi/4.9.3/armv7-m/libgcc.a(_arm_fixdfsi.o)
                              build/obj/lsm9ds1.o (__aeabi_d2iz)
/usr/lib/gcc/arm-none-eabi/4.9.3/armv7-m/libgcc.a(_arm_truncdfsf2.o)
                              build/obj/hts221.o (__aeabi_d2f)
/usr/lib/gcc/arm-none-eabi/4.9.3/armv7-m/libgcc.a(_arm_addsubsf3.o)
                              build/obj/main.o (__aeabi_fsub)
/usr/lib/gcc/arm-none-eabi/4.9.3/armv7-m/libgcc.a(_arm_muldivsf3.o)
                              build/obj/lsm9ds1.o (__aeabi_fmul)
/usr/lib/gcc/arm-none-eabi/4.9.3/armv7-m/libgcc.a(_arm_cmpsf2.o)
                              build/obj/main.o (__aeabi_fcmplt)
/usr/lib/gcc/arm-none-eabi/4.9.3/armv7-m/libgcc.a(_arm_fixsfsi.o)
                              build/obj/main.o (__aeabi_f2iz)
/usr/lib/gcc/arm-none-eabi/4.9.3/armv7-m/libgcc.a(unwind-arm.o)
                              build/obj/i2c.o (__aeabi_unwind_cpp_pr0)
/usr/lib/gcc/arm-none-eabi/4.9.3/armv7-m/libgcc.a(libunwind.o)
                              /usr/lib/gcc/arm-none-eabi/4.9.3/armv7-m/libgcc.a(unwind-arm.o) (restore_core_regs)
/usr/lib/gcc/arm-none-eabi/4.9.3/armv7-m/libgcc.a(pr-support.o)
                              /usr/lib/gcc/arm-none-eabi/4.9.3/armv7-m/libgcc.a(unwind-arm.o) (__gnu_unwind_execute)
/usr/lib/gcc/arm-none-eabi/4.9.3/../../../arm-none-eabi/lib/armv7-m/libc.a(lib_a-abort.o)
                              /usr/lib/gcc/arm-none-eabi/4.9.3/armv7-m/libgcc.a(unwind-arm.o) (abort)
/usr/lib/gcc/arm-none-eabi/4.9.3/../../../arm-none-eabi/lib/armv7-m/libc.a(lib_a-assert.o)
                              build/obj/atmel_adc.o (__assert_func)
/usr/lib/gcc/arm-none-eabi/4.9.3/../../../arm-none-eabi/lib/armv7-m/libc.a(lib_a-errno.o)
                              /usr/lib/gcc/arm-none-eabi/4.9.3/../../../arm-none-eabi/lib/armv7-m/libm.a(lib_a-w_sqrt.o) (__errno)
/usr/lib/gcc/arm-none-eabi/4.9.3/../../../arm-none-eabi/lib/armv7-m/libc.a(lib_a-fiprintf.o)
                              /usr/lib/gcc/arm-none-eabi/4.9.3/../../../arm-none-eabi/lib/armv7-m/libc.a(lib_a-assert.o) (fiprintf)
/usr/lib/gcc/arm-none-eabi/4.9.3/../../../arm-none-eabi/lib/armv7-m/libc.a(lib_a-impure.o)
                              /usr/lib/gcc/arm-none-eabi/4.9.3/../../../arm-none-eabi/lib/armv7-m/libc.a(lib_a-assert.o) (_impure_ptr)
/usr/lib/gcc/arm-none-eabi/4.9.3/../../../arm-none-eabi/lib/armv7-m/libc.a(lib_a-memcpy.o)
                              /usr/lib/gcc/arm-none-eabi/4.9.3/armv7-m/libgcc.a(unwind-arm.o) (memcpy)
/usr/lib/gcc/arm-none-eabi/4.9.3/../../../arm-none-eabi/lib/armv7-m/libc.a(lib_a-memset.o)
[...]
Memory Configuration

Name             Origin             Length             Attributes
flash            0x0000000000400000 0x0000000000020000
ram              0x0000000020000000 0x0000000000008000
*default*        0x0000000000000000 0xffffffffffffffff

Linker script and memory map

LOAD build/obj/crt0.o
LOAD build/obj/vectors.o
LOAD build/obj/chcore.o
LOAD build/obj/chcore_v7m.o
LOAD build/obj/nvic.o
LOAD build/obj/chsys.o
LOAD build/obj/chlists.o
LOAD build/obj/chvt.o
LOAD build/obj/chschd.o
LOAD build/obj/chthreads.o
LOAD build/obj/chdynamic.o
LOAD build/obj/chregistry.o
LOAD build/obj/chsem.o
LOAD build/obj/chmtx.o
LOAD build/obj/chcond.o
LOAD build/obj/chevents.o
LOAD build/obj/chmsg.o
LOAD build/obj/chmboxes.o
LOAD build/obj/chqueues.o
LOAD build/obj/chmemcore.o
LOAD build/obj/chheap.o
LOAD build/obj/chmempools.o
LOAD build/obj/test.o
LOAD build/obj/testthd.o
LOAD build/obj/testsem.o
LOAD build/obj/testmtx.o
LOAD build/obj/testmsg.o
LOAD build/obj/testmbox.o
LOAD build/obj/testevt.o
LOAD build/obj/testheap.o
LOAD build/obj/testpools.o
LOAD build/obj/testdyn.o
LOAD build/obj/testqueues.o
LOAD build/obj/testbmk.o
LOAD build/obj/hal.o
LOAD build/obj/pal.o
LOAD build/obj/serial.o
LOAD build/obj/hal_lld.o
LOAD build/obj/system_SAM3.o
LOAD build/obj/pal_lld.o
LOAD build/obj/serial_lld.o
LOAD build/obj/atmel_adc.o
LOAD build/obj/pio.o
LOAD build/obj/pmc.o
LOAD build/obj/atmel_twi.o
LOAD build/obj/atmel_twid.o
LOAD build/obj/atmel_spi.o
LOAD build/obj/atmel_psram.o
LOAD build/obj/board.o
LOAD build/obj/evtimer.o
LOAD build/obj/syscalls.o
LOAD build/obj/chprintf.o
LOAD build/obj/i2c.o
LOAD build/obj/hts221.o
LOAD build/obj/lsm9ds1.o
LOAD build/obj/mpl3115a2.o
LOAD build/obj/veml6070.o
LOAD build/obj/main.o
LOAD /usr/lib/gcc/arm-none-eabi/4.9.3/../../../arm-none-eabi/lib/armv7-m/libm.a
START GROUP
LOAD /usr/lib/gcc/arm-none-eabi/4.9.3/armv7-m/libgcc.a
LOAD /usr/lib/gcc/arm-none-eabi/4.9.3/../../../arm-none-eabi/lib/armv7-m/libc.a
END GROUP
                0x0000000000000400                __main_stack_size__ = 0x400
                0x0000000000000400                __process_stack_size__ = 0x400
                0x0000000000000800                __stacks_total_size__ = (__main_stack_size__ + __process_stack_size__)
                0x0000000020000000                __ram_start__ = ORIGIN (ram)
                0x0000000000008000                __ram_size__ = LENGTH (ram)
                0x0000000020008000                __ram_end__ = (__ram_start__ + __ram_size__)
                0x0000000000000000                . = 0x0
                0x0000000000000000                _text = .

startup         0x0000000000400000       0xd0
 *(vectors)
 vectors        0x0000000000400000       0xd0 build/obj/vectors.o
                0x0000000000400000                _vectors

constructors    0x00000000004000d0        0x4
                0x00000000004000d0                PROVIDE (__init_array_start, .)
 *(SORT(.init_array.*))
 *(.init_array)
 .init_array    0x00000000004000d0        0x4 build/obj/main.o
                0x00000000004000d4                PROVIDE (__init_array_end, .)

destructors     0x00000000004000d4        0x0
                0x00000000004000d4                PROVIDE (__fini_array_start, .)
 *(.fini_array)
 *(SORT(.fini_array.*))
                0x00000000004000d4                PROVIDE (__fini_array_end, .)

.text           0x00000000004000e0     0x8190
 *(.text.startup.*)
 .text.startup.main
                0x00000000004000e0       0x58 build/obj/main.o
                0x00000000004000e0                main
 *fill*         0x0000000000400138        0x8 
 .text.startup._GLOBAL__sub_I_ptr
                0x0000000000400140       0x48 build/obj/main.o
 *(.text)
 *fill*         0x0000000000400188        0x8 
 .text          0x0000000000400190      0x370 /usr/lib/gcc/arm-none-eabi/4.9.3/armv7-m/libgcc.a(_arm_addsubdf3.o)
                0x0000000000400190                __aeabi_drsub
                0x0000000000400198                __aeabi_dsub
                0x0000000000400198                __subdf3
                0x000000000040019c                __adddf3
                0x000000000040019c                __aeabi_dadd
                0x0000000000400414                __aeabi_ui2d
                0x0000000000400414                __floatunsidf
                0x0000000000400434                __floatsidf
                0x0000000000400434                __aeabi_i2d
                0x0000000000400458                __extendsfdf2
                0x0000000000400458                __aeabi_f2d
                0x0000000000400494                __aeabi_ul2d
                0x0000000000400494                __floatundidf
                0x00000000004004a4                __floatdidf
                0x00000000004004a4                __aeabi_l2d
 .text          0x0000000000400500      0x424 /usr/lib/gcc/arm-none-eabi/4.9.3/armv7-m/libgcc.a(_arm_muldivdf3.o)
                0x0000000000400500                __aeabi_dmul
                0x0000000000400500                __muldf3
                0x0000000000400754                __aeabi_ddiv
                0x0000000000400754                __divdf3
 *fill*         0x0000000000400924        0xc 
 .text          0x0000000000400930      0x110 /usr/lib/gcc/arm-none-eabi/4.9.3/armv7-m/libgcc.a(_arm_cmpdf2.o)
                0x0000000000400930                __gtdf2
                0x0000000000400930                __gedf2
                0x0000000000400938                __ltdf2
                0x0000000000400938                __ledf2
                0x0000000000400940                __cmpdf2
                0x0000000000400940                __eqdf2
                0x0000000000400940                __nedf2
                0x00000000004009bc                __aeabi_cdrcmple
                0x00000000004009cc                __aeabi_cdcmple
                0x00000000004009cc                __aeabi_cdcmpeq
                0x00000000004009dc                __aeabi_dcmpeq
                0x00000000004009f0                __aeabi_dcmplt
                0x0000000000400a04                __aeabi_dcmple
                0x0000000000400a18                __aeabi_dcmpge
                0x0000000000400a2c                __aeabi_dcmpgt
 .text          0x0000000000400a40       0xa0 /usr/lib/gcc/arm-none-eabi/4.9.3/armv7-m/libgcc.a(_arm_truncdfsf2.o)
                0x0000000000400a40                __aeabi_d2f
                0x0000000000400a40                __truncdfsf2
 .text          0x0000000000400ae0      0x21c /usr/lib/gcc/arm-none-eabi/4.9.3/armv7-m/libgcc.a(_arm_addsubsf3.o)
                0x0000000000400ae0                __aeabi_frsub
                0x0000000000400ae8                __subsf3
                0x0000000000400ae8                __aeabi_fsub
                0x0000000000400aec                __aeabi_fadd
                0x0000000000400aec                __addsf3
                0x0000000000400c4c                __aeabi_ui2f
                0x0000000000400c4c                __floatunsisf
                0x0000000000400c54                __aeabi_i2f
                0x0000000000400c54                __floatsisf
                0x0000000000400c70                __floatundisf
                0x0000000000400c70                __aeabi_ul2f
                0x0000000000400c80                __floatdisf
                0x0000000000400c80                __aeabi_l2f
 *fill*         0x0000000000400cfc        0x4 
 .text          0x0000000000400d00      0x2a0 /usr/lib/gcc/arm-none-eabi/4.9.3/armv7-m/libgcc.a(_arm_muldivsf3.o)
                0x0000000000400d00                __mulsf3
                0x0000000000400d00                __aeabi_fmul
                0x0000000000400e68                __divsf3
                0x0000000000400e68                __aeabi_fdiv
 .text          0x0000000000400fa0       0xec /usr/lib/gcc/arm-none-eabi/4.9.3/armv7-m/libgcc.a(_arm_cmpsf2.o)
                0x0000000000400fa0                __gtsf2
                0x0000000000400fa0                __gesf2
                0x0000000000400fa8                __lesf2
                0x0000000000400fa8                __ltsf2
                0x0000000000400fb0                __nesf2
                0x0000000000400fb0                __eqsf2
                0x0000000000400fb0                __cmpsf2
                0x0000000000401010                __aeabi_cfrcmple
                0x0000000000401018                __aeabi_cfcmple
                0x0000000000401018                __aeabi_cfcmpeq
                0x0000000000401028                __aeabi_fcmpeq
                0x000000000040103c                __aeabi_fcmplt
                0x0000000000401050                __aeabi_fcmple
                0x0000000000401064                __aeabi_fcmpge
                0x0000000000401078                __aeabi_fcmpgt
 *fill*         0x000000000040108c        0x4 
 .text          0x0000000000401090       0x4c /usr/lib/gcc/arm-none-eabi/4.9.3/armv7-m/libgcc.a(_arm_fixsfsi.o)
                0x0000000000401090                __fixsfsi
                0x0000000000401090                __aeabi_f2iz
 *fill*         0x00000000004010dc        0x4 
 .text          0x00000000004010e0      0xa54 /usr/lib/gcc/arm-none-eabi/4.9.3/armv7-m/libgcc.a(unwind-arm.o)
                0x00000000004013c0                _Unwind_GetCFA
                0x00000000004013c4                __gnu_Unwind_RaiseException
                0x0000000000401424                __gnu_Unwind_ForcedUnwind
                0x0000000000401438                __gnu_Unwind_Resume
                0x000000000040147c                __gnu_Unwind_Resume_or_Rethrow
                0x0000000000401490                _Unwind_Complete
                0x0000000000401494                _Unwind_DeleteException
                0x00000000004014a0                _Unwind_VRS_Get
                0x00000000004014f0                _Unwind_VRS_Set
                0x0000000000401540                __gnu_Unwind_Backtrace
                0x0000000000401884                __aeabi_unwind_cpp_pr0
                0x0000000000401888                __aeabi_unwind_cpp_pr1
                0x000000000040188c                __aeabi_unwind_cpp_pr2
                0x0000000000401890                _Unwind_VRS_Pop
 *fill*         0x0000000000401b34        0xc 
 .text          0x0000000000401b40      0x1ac /usr/lib/gcc/arm-none-eabi/4.9.3/armv7-m/libgcc.a(libunwind.o)
                0x0000000000401b40                __restore_core_regs
                0x0000000000401b40                restore_core_regs
                0x0000000000401b58                __gnu_Unwind_Restore_VFP
                0x0000000000401b60                __gnu_Unwind_Save_VFP
                0x0000000000401b68                __gnu_Unwind_Restore_VFP_D
                0x0000000000401b70                __gnu_Unwind_Save_VFP_D
                0x0000000000401b78                __gnu_Unwind_Restore_VFP_D_16_to_31
                0x0000000000401b80                __gnu_Unwind_Save_VFP_D_16_to_31
                0x0000000000401b88                __gnu_Unwind_Restore_WMMXD
                0x0000000000401bcc                __gnu_Unwind_Save_WMMXD
                0x0000000000401c10                __gnu_Unwind_Restore_WMMXC
                0x0000000000401c24                __gnu_Unwind_Save_WMMXC
                0x0000000000401c38                ___Unwind_RaiseException
                0x0000000000401c38                _Unwind_RaiseException
                0x0000000000401c5c                ___Unwind_Resume
                0x0000000000401c5c                _Unwind_Resume
                0x0000000000401c80                _Unwind_Resume_or_Rethrow
                0x0000000000401c80                ___Unwind_Resume_or_Rethrow
                0x0000000000401ca4                ___Unwind_ForcedUnwind
                0x0000000000401ca4                _Unwind_ForcedUnwind
                0x0000000000401cc8                _Unwind_Backtrace
                0x0000000000401cc8                ___Unwind_Backtrace
 *fill*         0x0000000000401cec        0x4 
 .text          0x0000000000401cf0      0x37c /usr/lib/gcc/arm-none-eabi/4.9.3/armv7-m/libgcc.a(pr-support.o)
                0x0000000000401d48                __gnu_unwind_execute
                0x0000000000402014                __gnu_unwind_frame
                0x000000000040203c                _Unwind_GetRegionStart
                0x0000000000402048                _Unwind_GetLanguageSpecificData
                0x000000000040205c                _Unwind_GetDataRelBase
                0x0000000000402064                _Unwind_GetTextRelBase
 *fill*         0x000000000040206c        0x4 
 .text          0x0000000000402070       0xec /usr/lib/gcc/arm-none-eabi/4.9.3/../../../arm-none-eabi/lib/armv7-m/libc.a(lib_a-memcpy.o)
                0x0000000000402070                memcpy
 *fill*         0x000000000040215c        0x4 
 .text          0x0000000000402160       0x30 /usr/lib/gcc/arm-none-eabi/4.9.3/armv7-m/libgcc.a(_aeabi_uldivmod.o)
                0x0000000000402160                __aeabi_uldivmod
 .text          0x0000000000402190       0x60 /usr/lib/gcc/arm-none-eabi/4.9.3/armv7-m/libgcc.a(bpabi.o)
                0x0000000000402190                __gnu_ldivmod_helper
                0x00000000004021c0                __gnu_uldivmod_helper
 .text          0x00000000004021f0        0x4 /usr/lib/gcc/arm-none-eabi/4.9.3/armv7-m/libgcc.a(_dvmd_tls.o)
                0x00000000004021f0                __aeabi_ldiv0
                0x00000000004021f0                __aeabi_idiv0
 *fill*         0x00000000004021f4        0xc 
 .text          0x0000000000402200      0x2ac /usr/lib/gcc/arm-none-eabi/4.9.3/armv7-m/libgcc.a(_divdi3.o)
                0x0000000000402200                __divdi3
 *fill*         0x00000000004024ac        0x4 
 .text          0x00000000004024b0      0x270 /usr/lib/gcc/arm-none-eabi/4.9.3/armv7-m/libgcc.a(_udivdi3.o)
                0x00000000004024b0                __udivdi3
 *(.text.*)
 .text.__late_init
                0x0000000000402720        0x4 build/obj/crt0.o
                0x0000000000402720                __late_init
 *fill*         0x0000000000402724        0xc 
 .text._default_exit
                0x0000000000402730        0x4 build/obj/crt0.o
                0x0000000000402730                _default_exit
 *fill*         0x0000000000402734        0xc 
 .text.ResetHandler
                0x0000000000402740      0x108 build/obj/crt0.o
                0x0000000000402740                ResetHandler
 *fill*         0x0000000000402848        0x8 
 .text._unhandled_exception
                0x0000000000402850        0x4 build/obj/vectors.o
                0x0000000000402850                Vector58
                0x0000000000402850                Vector9C
                0x0000000000402850                VectorAC
                0x0000000000402850                Vector5C
                0x0000000000402850                NMIVector
                0x0000000000402850                Vector8C
                0x0000000000402850                VectorC8
                0x0000000000402850                Vector94
                0x0000000000402850                VectorA8
                0x0000000000402850                VectorB4
                0x0000000000402850                Vector74
                0x0000000000402850                UsageFaultVector
                0x0000000000402850                DebugMonitorVector
                0x0000000000402850                Vector40
                0x0000000000402850                VectorBC
                0x0000000000402850                PendSVVector
                0x0000000000402850                VectorCC
                0x0000000000402850                Vector54
                0x0000000000402850                Vector98
                0x0000000000402850                Vector24
                0x0000000000402850                Vector84
                0x0000000000402850                BusFaultVector
                0x0000000000402850                VectorC0
                0x0000000000402850                HardFaultVector
                0x0000000000402850                MemManageVector
                0x0000000000402850                Vector6C
                0x0000000000402850                VectorA0
                0x0000000000402850                VectorC4
                0x0000000000402850                Vector7C
                0x0000000000402850                VectorB0
                0x0000000000402850                Vector90
                0x0000000000402850                Vector1C
                0x0000000000402850                Vector48
                0x0000000000402850                Vector70
                0x0000000000402850                Vector4C
                0x0000000000402850                Vector80
                0x0000000000402850                Vector68
                0x0000000000402850                Vector78
                0x0000000000402850                _unhandled_exception
                0x0000000000402850                Vector88
                0x0000000000402850                Vector50
                0x0000000000402850                Vector44
                0x0000000000402850                Vector28
                0x0000000000402850                VectorB8
                0x0000000000402850                Vector34
                0x0000000000402850                VectorA4
                0x0000000000402850                Vector20
 *fill*         0x0000000000402854        0xc 
 .text._port_switch_from_isr
                0x0000000000402860        0x8 build/obj/chcore_v7m.o
                0x0000000000402860                _port_switch_from_isr
 *fill*         0x0000000000402868        0x8 
 .text.SVCallVector
                0x0000000000402870       0x14 build/obj/chcore_v7m.o
                0x0000000000402870                SVCallVector
 *fill*         0x0000000000402884        0xc 
 .text._port_init
                0x0000000000402890       0x34 build/obj/chcore_v7m.o
                0x0000000000402890                _port_init
 *fill*         0x00000000004028c4        0xc 
 .text._port_irq_epilogue
                0x00000000004028d0       0x74 build/obj/chcore_v7m.o
                0x00000000004028d0                _port_irq_epilogue
 *fill*         0x0000000000402944        0xc 
 .text.SysTickVector
                0x0000000000402950       0x1c build/obj/chcore_v7m.o
                0x0000000000402950                SysTickVector
 *fill*         0x000000000040296c        0x4 
 .text._port_switch
                0x0000000000402970       0x10 build/obj/chcore_v7m.o
                0x0000000000402970                _port_switch
 .text._port_thread_start
                0x0000000000402980       0x10 build/obj/chcore_v7m.o
                0x0000000000402980                _port_thread_start
 .text.nvicEnableVector
                0x0000000000402990       0x48 build/obj/nvic.o
                0x0000000000402990                nvicEnableVector
 *fill*         0x00000000004029d8        0x8 
 .text.nvicSetSystemHandlerPriority
                0x00000000004029e0       0x2c build/obj/nvic.o
                0x00000000004029e0                nvicSetSystemHandlerPriority
 *fill*         0x0000000000402a0c        0x4 
 .text._idle_thread
                0x0000000000402a10       0x14 build/obj/chsys.o
                0x0000000000402a10                _idle_thread
 *fill*         0x0000000000402a24        0xc 
 .text.chSysInit
                0x0000000000402a30       0x5c build/obj/chsys.o
                0x0000000000402a30                chSysInit
 *fill*         0x0000000000402a8c        0x4 
 .text.chSysTimerHandlerI
                0x0000000000402a90       0x50 build/obj/chsys.o
                0x0000000000402a90                chSysTimerHandlerI
 .text._vt_init
                0x0000000000402ae0       0x18 build/obj/chvt.o
                0x0000000000402ae0                _vt_init
 *fill*         0x0000000000402af8        0x8 
 .text.chVTSetI
                0x0000000000402b00       0x3c build/obj/chvt.o
                0x0000000000402b00                chVTSetI
 *fill*         0x0000000000402b3c        0x4 
 .text.chVTResetI
                0x0000000000402b40       0x24 build/obj/chvt.o
                0x0000000000402b40                chVTResetI
 *fill*         0x0000000000402b64        0xc 
 .text.wakeup   0x0000000000402b70       0x58 build/obj/chschd.o
 *fill*         0x0000000000402bc8        0x8 
 .text._scheduler_init
                0x0000000000402bd0       0x18 build/obj/chschd.o
                0x0000000000402bd0                _scheduler_init
 *fill*         0x0000000000402be8        0x8 
 .text.chSchReadyI
                0x0000000000402bf0       0x2c build/obj/chschd.o
                0x0000000000402bf0                chSchReadyI
 *fill*         0x0000000000402c1c        0x4 
 .text.chSchGoSleepS
                0x0000000000402c20       0x28 build/obj/chschd.o
                0x0000000000402c20                chSchGoSleepS
 *fill*         0x0000000000402c48        0x8 
 .text.chSchGoSleepTimeoutS
                0x0000000000402c50       0x44 build/obj/chschd.o
                0x0000000000402c50                chSchGoSleepTimeoutS
 *fill*         0x0000000000402c94        0xc 
 .text.chSchWakeupS
                0x0000000000402ca0       0x5c build/obj/chschd.o
                0x0000000000402ca0                chSchWakeupS
 *fill*         0x0000000000402cfc        0x4 
 .text.chSchDoReschedule
                0x0000000000402d00       0x48 build/obj/chschd.o
                0x0000000000402d00                chSchDoReschedule
 *fill*         0x0000000000402d48        0x8 
 .text._thread_init
                0x0000000000402d50       0x44 build/obj/chthreads.o
                0x0000000000402d50                _thread_init
 *fill*         0x0000000000402d94        0xc 
 .text.chThdCreateStatic
                0x0000000000402da0       0x80 build/obj/chthreads.o
                0x0000000000402da0                chThdCreateStatic
 .text.chThdSleep
                0x0000000000402e20       0x18 build/obj/chthreads.o
                0x0000000000402e20                chThdSleep
 *fill*         0x0000000000402e38        0x8 
 .text.chThdExitS
                0x0000000000402e40       0x40 build/obj/chthreads.o
                0x0000000000402e40                chThdExitS
 .text.chThdExit
                0x0000000000402e80        0xc build/obj/chthreads.o
                0x0000000000402e80                chThdExit
 *fill*         0x0000000000402e8c        0x4 
 .text.chMtxInit
                0x0000000000402e90        0xc build/obj/chmtx.o
                0x0000000000402e90                chMtxInit
 *fill*         0x0000000000402e9c        0x4 
 .text.chEvtSignalFlagsI
                0x0000000000402ea0       0x30 build/obj/chevents.o
                0x0000000000402ea0                chEvtSignalFlagsI
 .text.chEvtBroadcastFlagsI
                0x0000000000402ed0       0x20 build/obj/chevents.o
                0x0000000000402ed0                chEvtBroadcastFlagsI
 .text.qwait    0x0000000000402ef0       0x2c build/obj/chqueues.o
 *fill*         0x0000000000402f1c        0x4 
 .text.chIQInit
                0x0000000000402f20       0x1c build/obj/chqueues.o
                0x0000000000402f20                chIQInit
 *fill*         0x0000000000402f3c        0x4 
 .text.chIQPutI
                0x0000000000402f40       0x4c build/obj/chqueues.o
                0x0000000000402f40                chIQPutI
 *fill*         0x0000000000402f8c        0x4 
 .text.chIQGetTimeout
                0x0000000000402f90       0x50 build/obj/chqueues.o
                0x0000000000402f90                chIQGetTimeout
 .text.chIQReadTimeout
                0x0000000000402fe0       0x70 build/obj/chqueues.o
                0x0000000000402fe0                chIQReadTimeout
 .text.chOQInit
                0x0000000000403050       0x1c build/obj/chqueues.o
                0x0000000000403050                chOQInit
 *fill*         0x000000000040306c        0x4 
 .text.chOQPutTimeout
                0x0000000000403070       0x54 build/obj/chqueues.o
                0x0000000000403070                chOQPutTimeout
 *fill*         0x00000000004030c4        0xc 
 .text.chOQGetI
                0x00000000004030d0       0x48 build/obj/chqueues.o
                0x00000000004030d0                chOQGetI
 *fill*         0x0000000000403118        0x8 
 .text.chOQWriteTimeout
                0x0000000000403120       0x80 build/obj/chqueues.o
                0x0000000000403120                chOQWriteTimeout
 .text._core_init
                0x00000000004031a0       0x28 build/obj/chmemcore.o
                0x00000000004031a0                _core_init
 *fill*         0x00000000004031c8        0x8 
 .text.chCoreAlloc
                0x00000000004031d0       0x38 build/obj/chmemcore.o
                0x00000000004031d0                chCoreAlloc
 *fill*         0x0000000000403208        0x8 
 .text._heap_init
                0x0000000000403210       0x1c build/obj/chheap.o
                0x0000000000403210                _heap_init
 *fill*         0x000000000040322c        0x4 
 .text.halInit  0x0000000000403230       0x1c build/obj/hal.o
                0x0000000000403230                halInit
 *fill*         0x000000000040324c        0x4 
 .text.putwouldblock
                0x0000000000403250        0xc build/obj/serial.o
 *fill*         0x000000000040325c        0x4 
 .text.getwouldblock
                0x0000000000403260        0xc build/obj/serial.o
 *fill*         0x000000000040326c        0x4 
 .text.getflags
                0x0000000000403270       0x18 build/obj/serial.o
 *fill*         0x0000000000403288        0x8 
 .text.readt    0x0000000000403290        0x8 build/obj/serial.o
 *fill*         0x0000000000403298        0x8 
 .text.reads    0x00000000004032a0        0xc build/obj/serial.o
 *fill*         0x00000000004032ac        0x4 
 .text.writet   0x00000000004032b0        0x8 build/obj/serial.o
 *fill*         0x00000000004032b8        0x8 
 .text.writes   0x00000000004032c0        0xc build/obj/serial.o
 *fill*         0x00000000004032cc        0x4 
 .text.gett     0x00000000004032d0        0x8 build/obj/serial.o
 *fill*         0x00000000004032d8        0x8 
 .text.putt     0x00000000004032e0        0x8 build/obj/serial.o
 *fill*         0x00000000004032e8        0x8 
 .text.sdInit   0x00000000004032f0        0x4 build/obj/serial.o
                0x00000000004032f0                sdInit
 *fill*         0x00000000004032f4        0xc 
 .text.sdObjectInit
                0x0000000000403300       0x40 build/obj/serial.o
                0x0000000000403300                sdObjectInit
 .text.sdStart  0x0000000000403340       0x1c build/obj/serial.o
                0x0000000000403340                sdStart
 *fill*         0x000000000040335c        0x4 
 .text.sdIncomingDataI
                0x0000000000403360       0x4c build/obj/serial.o
                0x0000000000403360                sdIncomingDataI
 *fill*         0x00000000004033ac        0x4 
 .text.hal_lld_init
                0x00000000004033b0       0x38 build/obj/hal_lld.o
                0x00000000004033b0                hal_lld_init
 *fill*         0x00000000004033e8        0x8 
 .text.at91sam3_clock_init
                0x00000000004033f0        0x4 build/obj/hal_lld.o
                0x00000000004033f0                at91sam3_clock_init
 *fill*         0x00000000004033f4        0xc 
 .text.SystemCoreClockUpdate
                0x0000000000403400       0xf4 build/obj/system_SAM3.o
                0x0000000000403400                SystemCoreClockUpdate
 *fill*         0x00000000004034f4        0xc 
 .text.SystemInit
                0x0000000000403500       0x94 build/obj/system_SAM3.o
                0x0000000000403500                SystemInit
 *fill*         0x0000000000403594        0xc 
 .text._pal_lld_init
                0x00000000004035a0       0xb8 build/obj/pal_lld.o
                0x00000000004035a0                _pal_lld_init
 *fill*         0x0000000000403658        0x8 
 .text._pal_lld_setgroupmode
                0x0000000000403660       0x34 build/obj/pal_lld.o
                0x0000000000403660                _pal_lld_setgroupmode
 *fill*         0x0000000000403694        0xc 
 .text.notify1  0x00000000004036a0        0xc build/obj/serial_lld.o
 *fill*         0x00000000004036ac        0x4 
 .text.notify2  0x00000000004036b0        0xc build/obj/serial_lld.o
 *fill*         0x00000000004036bc        0x4 
 .text.serve_interrupt
                0x00000000004036c0       0xa4 build/obj/serial_lld.o
 *fill*         0x0000000000403764        0xc 
 .text.Vector60
                0x0000000000403770       0x14 build/obj/serial_lld.o
                0x0000000000403770                Vector60
 *fill*         0x0000000000403784        0xc 
 .text.Vector64
                0x0000000000403790       0x14 build/obj/serial_lld.o
                0x0000000000403790                Vector64
 *fill*         0x00000000004037a4        0xc 
 .text.sd_lld_init
                0x00000000004037b0       0x58 build/obj/serial_lld.o
                0x00000000004037b0                sd_lld_init
 *fill*         0x0000000000403808        0x8 
 .text.sd_lld_start
                0x0000000000403810       0xa4 build/obj/serial_lld.o
                0x0000000000403810                sd_lld_start
 *fill*         0x00000000004038b4        0xc 
 .text.PIO_Configure
                0x00000000004038c0      0x154 build/obj/pio.o
                0x00000000004038c0                PIO_Configure
 *fill*         0x0000000000403a14        0xc 
 .text.PMC_EnablePeripheral
                0x0000000000403a20       0x50 build/obj/pmc.o
                0x0000000000403a20                PMC_EnablePeripheral
 .text.unlikely.TWI_WriteByte.part.0
                0x0000000000403a70       0x1c build/obj/atmel_twi.o
 *fill*         0x0000000000403a8c        0x4 
 .text.TWI_ConfigureMaster
                0x0000000000403a90       0x74 build/obj/atmel_twi.o
                0x0000000000403a90                TWI_ConfigureMaster
 *fill*         0x0000000000403b04        0xc 
 .text.TWI_Stop
                0x0000000000403b10       0x24 build/obj/atmel_twi.o
                0x0000000000403b10                TWI_Stop
 *fill*         0x0000000000403b34        0xc 
 .text.TWI_StartRead
                0x0000000000403b40       0x74 build/obj/atmel_twi.o
                0x0000000000403b40                TWI_StartRead
 *fill*         0x0000000000403bb4        0xc 
 .text.TWI_ReadByte
                0x0000000000403bc0       0x24 build/obj/atmel_twi.o
                0x0000000000403bc0                TWI_ReadByte
 *fill*         0x0000000000403be4        0xc 
 .text.TWI_WriteByte
                0x0000000000403bf0        0xc build/obj/atmel_twi.o
                0x0000000000403bf0                TWI_WriteByte
 *fill*         0x0000000000403bfc        0x4 
 .text.TWI_StartWrite
                0x0000000000403c00       0x78 build/obj/atmel_twi.o
                0x0000000000403c00                TWI_StartWrite
 *fill*         0x0000000000403c78        0x8 
 .text.TWI_ByteReceived
                0x0000000000403c80        0x8 build/obj/atmel_twi.o
                0x0000000000403c80                TWI_ByteReceived
 *fill*         0x0000000000403c88        0x8 
 .text.TWI_ByteSent
                0x0000000000403c90        0x8 build/obj/atmel_twi.o
                0x0000000000403c90                TWI_ByteSent
 *fill*         0x0000000000403c98        0x8 
 .text.TWI_TransferComplete
                0x0000000000403ca0        0x8 build/obj/atmel_twi.o
                0x0000000000403ca0                TWI_TransferComplete
 *fill*         0x0000000000403ca8        0x8 
 .text.TWI_EnableIt
                0x0000000000403cb0       0x40 build/obj/atmel_twi.o
                0x0000000000403cb0                TWI_EnableIt
 .text.TWI_SendSTOPCondition
                0x0000000000403cf0       0x28 build/obj/atmel_twi.o
                0x0000000000403cf0                TWI_SendSTOPCondition
 *fill*         0x0000000000403d18        0x8 
 .text.TWID_Initialize
                0x0000000000403d20        0x8 build/obj/atmel_twid.o
                0x0000000000403d20                TWID_Initialize
 *fill*         0x0000000000403d28        0x8 
 .text.TWID_Read
                0x0000000000403d30      0x10c build/obj/atmel_twid.o
                0x0000000000403d30                TWID_Read
 *fill*         0x0000000000403e3c        0x4 
 .text.TWID_Write
                0x0000000000403e40       0xe8 build/obj/atmel_twid.o
                0x0000000000403e40                TWID_Write
 *fill*         0x0000000000403f28        0x8 
 .text.BOARD_ConfigurePSRAM
                0x0000000000403f30       0x30 build/obj/atmel_psram.o
                0x0000000000403f30                BOARD_ConfigurePSRAM
 .text.__early_init
                0x0000000000403f60       0x10 build/obj/board.o
                0x0000000000403f60                __early_init
 .text.boardInit
                0x0000000000403f70       0x5c build/obj/board.o
                0x0000000000403f70                boardInit
 *fill*         0x0000000000403fcc        0x4 
 .text._read_r  0x0000000000403fd0        0xc build/obj/syscalls.o
                0x0000000000403fd0                _read_r
 *fill*         0x0000000000403fdc        0x4 
 .text._lseek_r
                0x0000000000403fe0        0x4 build/obj/syscalls.o
                0x0000000000403fe0                _lseek_r
 *fill*         0x0000000000403fe4        0xc 
 .text._write_r
                0x0000000000403ff0        0x4 build/obj/syscalls.o
                0x0000000000403ff0                _write_r
 *fill*         0x0000000000403ff4        0xc 
 .text._close_r
                0x0000000000404000        0x4 build/obj/syscalls.o
                0x0000000000404000                _close_r
 *fill*         0x0000000000404004        0xc 
 .text._sbrk_r  0x0000000000404010       0x18 build/obj/syscalls.o
                0x0000000000404010                _sbrk_r
 *fill*         0x0000000000404028        0x8 
 .text._fstat_r
                0x0000000000404030       0x18 build/obj/syscalls.o
                0x0000000000404030                _fstat_r
 *fill*         0x0000000000404048        0x8 
 .text._isatty_r
                0x0000000000404050        0x4 build/obj/syscalls.o
                0x0000000000404050                _isatty_r
 *fill*         0x0000000000404054        0xc 
 .text._getpid  0x0000000000404060        0x4 build/obj/syscalls.o
                0x0000000000404060                _getpid
 *fill*         0x0000000000404064        0xc 
 .text._exit    0x0000000000404070        0x4 build/obj/syscalls.o
                0x0000000000404070                _exit
 *fill*         0x0000000000404074        0xc 
 .text._kill    0x0000000000404080        0x8 build/obj/syscalls.o
                0x0000000000404080                _kill
 *fill*         0x0000000000404088        0x8 
 .text._ZN7creator3I2C4InitEv
                0x0000000000404090       0x60 build/obj/i2c.o
                0x0000000000404090                creator::I2C::Init()
 .text._ZN7creator3I2C9WriteByteEhhh
                0x00000000004040f0       0x28 build/obj/i2c.o
                0x00000000004040f0                creator::I2C::WriteByte(unsigned char, unsigned char, unsigned char)
 *fill*         0x0000000000404118        0x8 
 .text._ZN7creator3I2C8ReadByteEhh
                0x0000000000404120       0x30 build/obj/i2c.o
                0x0000000000404120                creator::I2C::ReadByte(unsigned char, unsigned char)
 .text._ZN7creator3I2C9ReadBytesEhhPhh
                0x0000000000404150       0x30 build/obj/i2c.o
                0x0000000000404150                creator::I2C::ReadBytes(unsigned char, unsigned char, unsigned char*, unsigned char)
 .text._ZN7LSM9DS14initE14interface_modehh
                0x0000000000404180       0xbc build/obj/lsm9ds1.o
                0x0000000000404180                LSM9DS1::init(interface_mode, unsigned char, unsigned char)
 *fill*         0x000000000040423c        0x4 
 .text._ZN7LSM9DS1C2EPN7creator3I2CE14interface_modehh
                0x0000000000404240       0x1c build/obj/lsm9ds1.o
                0x0000000000404240                LSM9DS1::LSM9DS1(creator::I2C*, interface_mode, unsigned char, unsigned char)
                0x0000000000404240                LSM9DS1::LSM9DS1(creator::I2C*, interface_mode, unsigned char, unsigned char)
 *fill*         0x000000000040425c        0x4 
 .text._ZN7LSM9DS18initGyroEv
                0x0000000000404260       0xd8 build/obj/lsm9ds1.o
                0x0000000000404260                LSM9DS1::initGyro()
 *fill*         0x0000000000404338        0x8 
 .text._ZN7LSM9DS19initAccelEv
                0x0000000000404340       0x9c build/obj/lsm9ds1.o
                0x0000000000404340                LSM9DS1::initAccel()
 *fill*         0x00000000004043dc        0x4 
 .text._ZN7LSM9DS17initMagEv
                0x00000000004043e0       0xac build/obj/lsm9ds1.o
                0x00000000004043e0                LSM9DS1::initMag()
 *fill*         0x000000000040448c        0x4 
 .text._ZN7LSM9DS19readAccelEv
                0x0000000000404490       0x68 build/obj/lsm9ds1.o
                0x0000000000404490                LSM9DS1::readAccel()
 *fill*         0x00000000004044f8        0x8 
 .text._ZN7LSM9DS17readMagEv
                0x0000000000404500       0x48 build/obj/lsm9ds1.o
                0x0000000000404500                LSM9DS1::readMag()
 *fill*         0x0000000000404548        0x8 
 .text._ZN7LSM9DS18readGyroEv
                0x0000000000404550       0x68 build/obj/lsm9ds1.o
                0x0000000000404550                LSM9DS1::readGyro()
 *fill*         0x00000000004045b8        0x8 
 .text._ZN7LSM9DS18calcGyroEs
                0x00000000004045c0       0x14 build/obj/lsm9ds1.o
                0x00000000004045c0                LSM9DS1::calcGyro(short)
 *fill*         0x00000000004045d4        0xc 
 .text._ZN7LSM9DS19calcAccelEs
                0x00000000004045e0       0x14 build/obj/lsm9ds1.o
                0x00000000004045e0                LSM9DS1::calcAccel(short)
 *fill*         0x00000000004045f4        0xc 
 .text._ZN7LSM9DS17calcMagEs
                0x0000000000404600       0x14 build/obj/lsm9ds1.o
                0x0000000000404600                LSM9DS1::calcMag(short)
 *fill*         0x0000000000404614        0xc 
 .text._ZN7LSM9DS18calcmResEv
                0x0000000000404620       0x40 build/obj/lsm9ds1.o
                0x0000000000404620                LSM9DS1::calcmRes()
 .text._ZN7LSM9DS115constrainScalesEv
                0x0000000000404660       0x48 build/obj/lsm9ds1.o
                0x0000000000404660                LSM9DS1::constrainScales()
 *fill*         0x00000000004046a8        0x8 
 .text._ZN7LSM9DS15beginEv
                0x00000000004046b0       0x80 build/obj/lsm9ds1.o
                0x00000000004046b0                LSM9DS1::begin()
 .text._Z13calculate_pidv
                0x0000000000404730      0x1d4 build/obj/main.o
                0x0000000000404730                calculate_pid()
 *fill*         0x0000000000404904        0xc 
 .text._Z8set_dutyP7PWMDatacccc
                0x0000000000404910       0xb0 build/obj/main.o
                0x0000000000404910                set_duty(PWMData*, char, char, char, char)
 .text._Z10initMotorsP7PWMData
                0x00000000004049c0       0x74 build/obj/main.o
                0x00000000004049c0                initMotors(PWMData*)
 *fill*         0x0000000000404a34        0xc 
 .text._Z8plusDutyP7PWMDatai
                0x0000000000404a40      0x184 build/obj/main.o
                0x0000000000404a40                plusDuty(PWMData*, int)
 *fill*         0x0000000000404bc4        0xc 
 .text._ZL9IMUThreadPv
                0x0000000000404bd0      0x2f0 build/obj/main.o
 .text.atan2    0x0000000000404ec0        0x4 /usr/lib/gcc/arm-none-eabi/4.9.3/../../../arm-none-eabi/lib/armv7-m/libm.a(lib_a-w_atan2.o)
                0x0000000000404ec0                atan2
 *fill*         0x0000000000404ec4        0xc 
 .text.sqrt     0x0000000000404ed0       0xac /usr/lib/gcc/arm-none-eabi/4.9.3/../../../arm-none-eabi/lib/armv7-m/libm.a(lib_a-w_sqrt.o)
                0x0000000000404ed0                sqrt
 *fill*         0x0000000000404f7c        0x4 
 .text.__ieee754_atan2
                0x0000000000404f80      0x1b8 /usr/lib/gcc/arm-none-eabi/4.9.3/../../../arm-none-eabi/lib/armv7-m/libm.a(lib_a-e_atan2.o)
                0x0000000000404f80                __ieee754_atan2
 *fill*         0x0000000000405138        0x8 
 .text.__ieee754_sqrt
                0x0000000000405140      0x18c /usr/lib/gcc/arm-none-eabi/4.9.3/../../../arm-none-eabi/lib/armv7-m/libm.a(lib_a-e_sqrt.o)
                0x0000000000405140                __ieee754_sqrt
 *fill*         0x00000000004052cc        0x4 
 .text.atan     0x00000000004052d0      0x338 /usr/lib/gcc/arm-none-eabi/4.9.3/../../../arm-none-eabi/lib/armv7-m/libm.a(lib_a-s_atan.o)
                0x00000000004052d0                atan
 *fill*         0x0000000000405608        0x8 
 .text.fabs     0x0000000000405610        0x8 /usr/lib/gcc/arm-none-eabi/4.9.3/../../../arm-none-eabi/lib/armv7-m/libm.a(lib_a-s_fabs.o)
                0x0000000000405610                fabs
 *fill*         0x0000000000405618        0x8 
 .text.__fpclassifyd
                0x0000000000405620       0x58 /usr/lib/gcc/arm-none-eabi/4.9.3/../../../arm-none-eabi/lib/armv7-m/libm.a(lib_a-s_fpclassify.o)
                0x0000000000405620                __fpclassifyd
 *fill*         0x0000000000405678        0x8 
 .text.matherr  0x0000000000405680        0x4 /usr/lib/gcc/arm-none-eabi/4.9.3/../../../arm-none-eabi/lib/armv7-m/libm.a(lib_a-s_matherr.o)
                0x0000000000405680                matherr
 *fill*         0x0000000000405684        0xc 
 .text.abort    0x0000000000405690       0x10 /usr/lib/gcc/arm-none-eabi/4.9.3/../../../arm-none-eabi/lib/armv7-m/libc.a(lib_a-abort.o)
                0x0000000000405690                abort
 .text.__assert_func
                0x00000000004056a0       0x3c /usr/lib/gcc/arm-none-eabi/4.9.3/../../../arm-none-eabi/lib/armv7-m/libc.a(lib_a-assert.o)
                0x00000000004056a0                __assert_func
 *fill*         0x00000000004056dc        0x4 
 .text.__errno  0x00000000004056e0        0xc /usr/lib/gcc/arm-none-eabi/4.9.3/../../../arm-none-eabi/lib/armv7-m/libc.a(lib_a-errno.o)
                0x00000000004056e0                __errno
 *fill*         0x00000000004056ec        0x4 
 .text.fiprintf
                0x00000000004056f0       0x28 /usr/lib/gcc/arm-none-eabi/4.9.3/../../../arm-none-eabi/lib/armv7-m/libc.a(lib_a-fiprintf.o)
                0x00000000004056f0                fiprintf
 *fill*         0x0000000000405718        0x8 
 .text.memset   0x0000000000405720       0x9c /usr/lib/gcc/arm-none-eabi/4.9.3/../../../arm-none-eabi/lib/armv7-m/libc.a(lib_a-memset.o)
                0x0000000000405720                memset
 *fill*         0x00000000004057bc        0x4 
 .text._raise_r
                0x00000000004057c0       0x58 /usr/lib/gcc/arm-none-eabi/4.9.3/../../../arm-none-eabi/lib/armv7-m/libc.a(lib_a-signal.o)
                0x00000000004057c0                _raise_r
 *fill*         0x0000000000405818        0x8 
 .text.raise    0x0000000000405820       0x10 /usr/lib/gcc/arm-none-eabi/4.9.3/../../../arm-none-eabi/lib/armv7-m/libc.a(lib_a-signal.o)
                0x0000000000405820                raise
 .text._kill_r  0x0000000000405830       0x28 /usr/lib/gcc/arm-none-eabi/4.9.3/../../../arm-none-eabi/lib/armv7-m/libc.a(lib_a-signalr.o)
                0x0000000000405830                _kill_r
 *fill*         0x0000000000405858        0x8 
 .text._getpid_r
                0x0000000000405860        0x4 /usr/lib/gcc/arm-none-eabi/4.9.3/../../../arm-none-eabi/lib/armv7-m/libc.a(lib_a-signalr.o)
                0x0000000000405860                _getpid_r
 *fill*         0x0000000000405864        0xc 
 .text.__sprint_r.part.0
                0x0000000000405870       0x78 /usr/lib/gcc/arm-none-eabi/4.9.3/../../../arm-none-eabi/lib/armv7-m/libc.a(lib_a-vfiprintf.o)
 *fill*         0x00000000004058e8        0x8 
 .text._vfiprintf_r
                0x00000000004058f0      0xc10 /usr/lib/gcc/arm-none-eabi/4.9.3/../../../arm-none-eabi/lib/armv7-m/libc.a(lib_a-vfiprintf.o)
                0x00000000004058f0                _vfiprintf_r
 .text.__sbprintf
                0x0000000000406500       0x7c /usr/lib/gcc/arm-none-eabi/4.9.3/../../../arm-none-eabi/lib/armv7-m/libc.a(lib_a-vfiprintf.o)
 *fill*         0x000000000040657c        0x4 
 .text.__swsetup_r
                0x0000000000406580       0xc4 /usr/lib/gcc/arm-none-eabi/4.9.3/../../../arm-none-eabi/lib/armv7-m/libc.a(lib_a-wsetup.o)
                0x0000000000406580                __swsetup_r
 *fill*         0x0000000000406644        0xc 
 .text.__sflush_r
                0x0000000000406650      0x148 /usr/lib/gcc/arm-none-eabi/4.9.3/../../../arm-none-eabi/lib/armv7-m/libc.a(lib_a-fflush.o)
                0x0000000000406650                __sflush_r
 *fill*         0x0000000000406798        0x8 
 .text._fflush_r
                0x00000000004067a0       0x2c /usr/lib/gcc/arm-none-eabi/4.9.3/../../../arm-none-eabi/lib/armv7-m/libc.a(lib_a-fflush.o)
                0x00000000004067a0                _fflush_r
 *fill*         0x00000000004067cc        0x4 
 .text._cleanup_r
                0x00000000004067d0        0xc /usr/lib/gcc/arm-none-eabi/4.9.3/../../../arm-none-eabi/lib/armv7-m/libc.a(lib_a-findfp.o)
                0x00000000004067d0                _cleanup_r
 *fill*         0x00000000004067dc        0x4 
 .text.__sinit.part.1
                0x00000000004067e0       0xf0 /usr/lib/gcc/arm-none-eabi/4.9.3/../../../arm-none-eabi/lib/armv7-m/libc.a(lib_a-findfp.o)
 .text.__sinit  0x00000000004068d0        0xc /usr/lib/gcc/arm-none-eabi/4.9.3/../../../arm-none-eabi/lib/armv7-m/libc.a(lib_a-findfp.o)
                0x00000000004068d0                __sinit
 *fill*         0x00000000004068dc        0x4 
 .text.__sfp_lock_acquire
                0x00000000004068e0        0x4 /usr/lib/gcc/arm-none-eabi/4.9.3/../../../arm-none-eabi/lib/armv7-m/libc.a(lib_a-findfp.o)
                0x00000000004068e0                __sfp_lock_acquire
 *fill*         0x00000000004068e4        0xc 
 .text.__sfp_lock_release
                0x00000000004068f0        0x4 /usr/lib/gcc/arm-none-eabi/4.9.3/../../../arm-none-eabi/lib/armv7-m/libc.a(lib_a-findfp.o)
                0x00000000004068f0                __sfp_lock_release
 *fill*         0x00000000004068f4        0xc 
 .text.__fputwc
                0x0000000000406900       0xb0 /usr/lib/gcc/arm-none-eabi/4.9.3/../../../arm-none-eabi/lib/armv7-m/libc.a(lib_a-fputwc.o)
                0x0000000000406900                __fputwc
 .text._fputwc_r
                0x00000000004069b0       0x24 /usr/lib/gcc/arm-none-eabi/4.9.3/../../../arm-none-eabi/lib/armv7-m/libc.a(lib_a-fputwc.o)
                0x00000000004069b0                _fputwc_r
 *fill*         0x00000000004069d4        0xc 
 .text._malloc_trim_r
                0x00000000004069e0       0x9c /usr/lib/gcc/arm-none-eabi/4.9.3/../../../arm-none-eabi/lib/armv7-m/libc.a(lib_a-freer.o)
                0x00000000004069e0                _malloc_trim_r
 *fill*         0x0000000000406a7c        0x4 
 .text._free_r  0x0000000000406a80      0x1b0 /usr/lib/gcc/arm-none-eabi/4.9.3/../../../arm-none-eabi/lib/armv7-m/libc.a(lib_a-freer.o)
                0x0000000000406a80                _free_r
 .text.__sfvwrite_r
                0x0000000000406c30      0x320 /usr/lib/gcc/arm-none-eabi/4.9.3/../../../arm-none-eabi/lib/armv7-m/libc.a(lib_a-fvwrite.o)
                0x0000000000406c30                __sfvwrite_r
 .text._fwalk_reent
                0x0000000000406f50       0x50 /usr/lib/gcc/arm-none-eabi/4.9.3/../../../arm-none-eabi/lib/armv7-m/libc.a(lib_a-fwalk.o)
                0x0000000000406f50                _fwalk_reent
 .text.__locale_charset
                0x0000000000406fa0        0x8 /usr/lib/gcc/arm-none-eabi/4.9.3/../../../arm-none-eabi/lib/armv7-m/libc.a(lib_a-locale.o)
                0x0000000000406fa0                __locale_charset
 *fill*         0x0000000000406fa8        0x8 
 .text.__locale_mb_cur_max
                0x0000000000406fb0        0xc /usr/lib/gcc/arm-none-eabi/4.9.3/../../../arm-none-eabi/lib/armv7-m/libc.a(lib_a-locale.o)
                0x0000000000406fb0                __locale_mb_cur_max
 *fill*         0x0000000000406fbc        0x4 
 .text.__smakebuf_r
                0x0000000000406fc0       0xe0 /usr/lib/gcc/arm-none-eabi/4.9.3/../../../arm-none-eabi/lib/armv7-m/libc.a(lib_a-makebuf.o)
                0x0000000000406fc0                __smakebuf_r
 .text._malloc_r
                0x00000000004070a0      0x50c /usr/lib/gcc/arm-none-eabi/4.9.3/../../../arm-none-eabi/lib/armv7-m/libc.a(lib_a-mallocr.o)
                0x00000000004070a0                _malloc_r
 *fill*         0x00000000004075ac        0x4 
 .text.memchr   0x00000000004075b0       0x94 /usr/lib/gcc/arm-none-eabi/4.9.3/../../../arm-none-eabi/lib/armv7-m/libc.a(lib_a-memchr.o)
                0x00000000004075b0                memchr
 *fill*         0x0000000000407644        0xc 
 .text.memmove  0x0000000000407650       0xc8 /usr/lib/gcc/arm-none-eabi/4.9.3/../../../arm-none-eabi/lib/armv7-m/libc.a(lib_a-memmove.o)
                0x0000000000407650                memmove
 *fill*         0x0000000000407718        0x8 
 .text.__malloc_lock
                0x0000000000407720        0x4 /usr/lib/gcc/arm-none-eabi/4.9.3/../../../arm-none-eabi/lib/armv7-m/libc.a(lib_a-mlock.o)
                0x0000000000407720                __malloc_lock
 *fill*         0x0000000000407724        0xc 
 .text.__malloc_unlock
                0x0000000000407730        0x4 /usr/lib/gcc/arm-none-eabi/4.9.3/../../../arm-none-eabi/lib/armv7-m/libc.a(lib_a-mlock.o)
                0x0000000000407730                __malloc_unlock
 *fill*         0x0000000000407734        0xc 
 .text._realloc_r
                0x0000000000407740      0x3e0 /usr/lib/gcc/arm-none-eabi/4.9.3/../../../arm-none-eabi/lib/armv7-m/libc.a(lib_a-reallocr.o)
                0x0000000000407740                _realloc_r
 .text.__sread  0x0000000000407b20       0x24 /usr/lib/gcc/arm-none-eabi/4.9.3/../../../arm-none-eabi/lib/armv7-m/libc.a(lib_a-stdio.o)
                0x0000000000407b20                __sread
 *fill*         0x0000000000407b44        0xc 
 .text.__swrite
                0x0000000000407b50       0x38 /usr/lib/gcc/arm-none-eabi/4.9.3/../../../arm-none-eabi/lib/armv7-m/libc.a(lib_a-stdio.o)
                0x0000000000407b50                __swrite
 *fill*         0x0000000000407b88        0x8 
 .text.__sseek  0x0000000000407b90       0x20 /usr/lib/gcc/arm-none-eabi/4.9.3/../../../arm-none-eabi/lib/armv7-m/libc.a(lib_a-stdio.o)
                0x0000000000407b90                __sseek
 .text.__sclose
                0x0000000000407bb0        0x8 /usr/lib/gcc/arm-none-eabi/4.9.3/../../../arm-none-eabi/lib/armv7-m/libc.a(lib_a-stdio.o)
                0x0000000000407bb0                __sclose
 *fill*         0x0000000000407bb8        0x8 
 .text.strlen   0x0000000000407bc0       0x5c /usr/lib/gcc/arm-none-eabi/4.9.3/../../../arm-none-eabi/lib/armv7-m/libc.a(lib_a-strlen.o)
                0x0000000000407bc0                strlen
 *fill*         0x0000000000407c1c        0x4 
 .text.__swbuf_r
                0x0000000000407c20       0xa8 /usr/lib/gcc/arm-none-eabi/4.9.3/../../../arm-none-eabi/lib/armv7-m/libc.a(lib_a-wbuf.o)
                0x0000000000407c20                __swbuf_r
 *fill*         0x0000000000407cc8        0x8 
 .text._wcrtomb_r
                0x0000000000407cd0       0x54 /usr/lib/gcc/arm-none-eabi/4.9.3/../../../arm-none-eabi/lib/armv7-m/libc.a(lib_a-wcrtomb.o)
                0x0000000000407cd0                _wcrtomb_r
 *fill*         0x0000000000407d24        0xc 
 .text.__ascii_wctomb
                0x0000000000407d30       0x1c /usr/lib/gcc/arm-none-eabi/4.9.3/../../../arm-none-eabi/lib/armv7-m/libc.a(lib_a-wctomb_r.o)
                0x0000000000407d30                __ascii_wctomb
 *fill*         0x0000000000407d4c        0x4 
 .text._fclose_r
                0x0000000000407d50       0x84 /usr/lib/gcc/arm-none-eabi/4.9.3/../../../arm-none-eabi/lib/armv7-m/libc.a(lib_a-fclose.o)
                0x0000000000407d50                _fclose_r
 *(.rodata)
 *(.rodata.*)
 *fill*         0x0000000000407dd4        0xc 
 .rodata.str1.4
                0x0000000000407de0        0xd build/obj/chsys.o
 *fill*         0x0000000000407ded        0x3 
 .rodata.vmt    0x0000000000407df0       0x24 build/obj/serial.o
 *fill*         0x0000000000407e14        0xc 
 .rodata.default_config
                0x0000000000407e20        0x8 build/obj/serial_lld.o
 *fill*         0x0000000000407e28        0x8 
 .rodata.__func__.4792
                0x0000000000407e30       0x15 build/obj/pmc.o
 *fill*         0x0000000000407e45        0xb 
 .rodata.str1.4
                0x0000000000407e50       0x42 build/obj/pmc.o
 *fill*         0x0000000000407e92        0xe 
 .rodata.__func__.4883
                0x0000000000407ea0        0xf build/obj/atmel_twi.o
 *fill*         0x0000000000407eaf        0x1 
 .rodata.__func__.4915
                0x0000000000407eb0       0x16 build/obj/atmel_twi.o
 *fill*         0x0000000000407ec6        0xa 
 .rodata.__func__.4840
                0x0000000000407ed0       0x14 build/obj/atmel_twi.o
 *fill*         0x0000000000407ee4        0xc 
 .rodata.__func__.4897
                0x0000000000407ef0        0xd build/obj/atmel_twi.o
 *fill*         0x0000000000407efd        0x3 
 .rodata.str1.4
                0x0000000000407f00       0xf0 build/obj/atmel_twi.o
 .rodata.__func__.4859
                0x0000000000407ff0        0x9 build/obj/atmel_twi.o
 *fill*         0x0000000000407ff9        0x7 
 .rodata.__func__.4870
                0x0000000000408000        0xd build/obj/atmel_twi.o
 *fill*         0x000000000040800d        0x3 
 .rodata.__func__.4866
                0x0000000000408010        0xe build/obj/atmel_twi.o
 *fill*         0x000000000040801e        0x2 
 .rodata.__func__.4875
                0x0000000000408020        0xe build/obj/atmel_twi.o
 *fill*         0x000000000040802e        0x2 
 .rodata.__func__.4895
                0x0000000000408030        0xa build/obj/atmel_twid.o
 *fill*         0x000000000040803a        0x6 
 .rodata.str1.4
                0x0000000000408040       0x3f build/obj/atmel_twid.o
                                         0x82 (size before relaxing)
 *fill*         0x000000000040807f        0x1 
 .rodata.__func__.4917
                0x0000000000408080        0xb build/obj/atmel_twid.o
 *fill*         0x000000000040808b        0x5 
 .rodata.pal_default_config
                0x0000000000408090       0x24 build/obj/board.o
                0x0000000000408090                pal_default_config
 *fill*         0x00000000004080b4        0xc 
 .rodata._ZN7creatorL4pinsE
                0x00000000004080c0       0x18 build/obj/i2c.o
 *fill*         0x00000000004080d8        0x8 
 .rodata.CSWTCH.36
                0x00000000004080e0        0x9 build/obj/lsm9ds1.o
 *fill*         0x00000000004080e9        0x7 
 .rodata.CSWTCH.52
                0x00000000004080f0       0x50 build/obj/main.o
 .rodata._ZL8pinPsram
                0x0000000000408140       0x3c build/obj/main.o
 *fill*         0x000000000040817c        0x4 
 .rodata.str1.4
                0x0000000000408180        0x5 /usr/lib/gcc/arm-none-eabi/4.9.3/../../../arm-none-eabi/lib/armv7-m/libm.a(lib_a-w_sqrt.o)
                                          0x8 (size before relaxing)
 *fill*         0x0000000000408185        0xb 
 .rodata.atanlo
                0x0000000000408190       0x20 /usr/lib/gcc/arm-none-eabi/4.9.3/../../../arm-none-eabi/lib/armv7-m/libm.a(lib_a-s_atan.o)
 .rodata.atanhi
                0x00000000004081b0       0x20 /usr/lib/gcc/arm-none-eabi/4.9.3/../../../arm-none-eabi/lib/armv7-m/libm.a(lib_a-s_atan.o)
 .rodata.str1.4
                0x00000000004081d0       0x3f /usr/lib/gcc/arm-none-eabi/4.9.3/../../../arm-none-eabi/lib/armv7-m/libc.a(lib_a-assert.o)
                                         0x44 (size before relaxing)
 *fill*         0x000000000040820f        0x1 
 .rodata.str1.4
                0x0000000000408210        0x2 /usr/lib/gcc/arm-none-eabi/4.9.3/../../../arm-none-eabi/lib/armv7-m/libc.a(lib_a-impure.o)
                                          0x4 (size before relaxing)
 *fill*         0x0000000000408212        0xe 
 .rodata.zeroes.6869
                0x0000000000408220       0x10 /usr/lib/gcc/arm-none-eabi/4.9.3/../../../arm-none-eabi/lib/armv7-m/libc.a(lib_a-vfiprintf.o)
 .rodata.str1.4
                0x0000000000408230       0x30 /usr/lib/gcc/arm-none-eabi/4.9.3/../../../arm-none-eabi/lib/armv7-m/libc.a(lib_a-vfiprintf.o)
 .rodata.blanks.6868
                0x0000000000408260       0x10 /usr/lib/gcc/arm-none-eabi/4.9.3/../../../arm-none-eabi/lib/armv7-m/libc.a(lib_a-vfiprintf.o)
 *(.glue_7t)
 .glue_7t       0x0000000000408270        0x0 linker stubs
 *(.glue_7)
 .glue_7        0x0000000000408270        0x0 linker stubs
 *(.gcc*)

.vfp11_veneer   0x0000000000408270        0x0
 .vfp11_veneer  0x0000000000408270        0x0 linker stubs

.v4_bx          0x0000000000408270        0x0
 .v4_bx         0x0000000000408270        0x0 linker stubs

.iplt           0x0000000000408270        0x0
 .iplt          0x0000000000408270        0x0 build/obj/crt0.o

.ARM.extab      0x0000000000408270       0x18
 *(.ARM.extab* .gnu.linkonce.armextab.*)
 .ARM.extab     0x0000000000408270       0x18 /usr/lib/gcc/arm-none-eabi/4.9.3/armv7-m/libgcc.a(pr-support.o)

.ARM.exidx      0x0000000000408288      0x130
                0x0000000000408288                PROVIDE (__exidx_start, .)
 *(.ARM.exidx* .gnu.linkonce.armexidx.*)
 .ARM.exidx.text._ZN7creator3I2C4InitEv
                0x0000000000408348        0x8 build/obj/i2c.o
 .ARM.exidx.text._ZN7creator3I2C9WriteByteEhhh
                0x0000000000408350        0x8 build/obj/i2c.o
 .ARM.exidx.text._ZN7creator3I2C8ReadByteEhh
                0x0000000000408358        0x8 build/obj/i2c.o
 .ARM.exidx.text._ZN7creator3I2C9ReadBytesEhhPhh
                0x0000000000408360        0x8 build/obj/i2c.o
 .ARM.exidx.text._ZN7LSM9DS14initE14interface_modehh
                0x0000000000408368        0x8 build/obj/lsm9ds1.o
 .ARM.exidx.text._ZN7LSM9DS1C2EPN7creator3I2CE14interface_modehh
                0x0000000000408370        0x0 build/obj/lsm9ds1.o
                                          0x8 (size before relaxing)
 .ARM.exidx.text._ZN7LSM9DS18initGyroEv
                0x0000000000408370        0x8 build/obj/lsm9ds1.o
 .ARM.exidx.text._ZN7LSM9DS19initAccelEv
                0x0000000000408378        0x0 build/obj/lsm9ds1.o
                                          0x8 (size before relaxing)
 .ARM.exidx.text._ZN7LSM9DS17initMagEv
                0x0000000000408378        0x0 build/obj/lsm9ds1.o
                                          0x8 (size before relaxing)
 .ARM.exidx.text._ZN7LSM9DS19readAccelEv
                0x0000000000408378        0x8 build/obj/lsm9ds1.o
 .ARM.exidx.text._ZN7LSM9DS17readMagEv
                0x0000000000408380        0x8 build/obj/lsm9ds1.o
 .ARM.exidx.text._ZN7LSM9DS18readGyroEv
                0x0000000000408388        0x8 build/obj/lsm9ds1.o
 .ARM.exidx.text._ZN7LSM9DS18calcGyroEs
                0x0000000000408390        0x8 build/obj/lsm9ds1.o
 .ARM.exidx.text._ZN7LSM9DS19calcAccelEs
                0x0000000000408398        0x0 build/obj/lsm9ds1.o
                                          0x8 (size before relaxing)
 .ARM.exidx.text._ZN7LSM9DS17calcMagEs
                0x0000000000408398        0x0 build/obj/lsm9ds1.o
                                          0x8 (size before relaxing)
 .ARM.exidx.text._ZN7LSM9DS18calcmResEv
                0x0000000000408398        0x0 build/obj/lsm9ds1.o
                                          0x8 (size before relaxing)
 .ARM.exidx.text._ZN7LSM9DS115constrainScalesEv
                0x0000000000408398        0x0 build/obj/lsm9ds1.o
                                          0x8 (size before relaxing)
 .ARM.exidx.text._ZN7LSM9DS15beginEv
                0x0000000000408398        0x8 build/obj/lsm9ds1.o
 .ARM.exidx.text._Z13calculate_pidv
                0x00000000004083a0        0x8 build/obj/main.o
 .ARM.exidx.text._Z8set_dutyP7PWMDatacccc
                0x00000000004083a8        0x0 build/obj/main.o
                                          0x8 (size before relaxing)
 .ARM.exidx.text._Z10initMotorsP7PWMData
                0x00000000004083a8        0x0 build/obj/main.o
                                          0x8 (size before relaxing)
 .ARM.exidx.text._Z8plusDutyP7PWMDatai
                0x00000000004083a8        0x0 build/obj/main.o
                                          0x8 (size before relaxing)
 .ARM.exidx.text._ZL9IMUThreadPv
                0x00000000004083a8       0x10 build/obj/main.o
                                          0x8 (size before relaxing)
 .ARM.exidx.text.startup.main
                0x0000000000408288        0x8 build/obj/main.o
 .ARM.exidx.text.startup._GLOBAL__sub_I_ptr
                0x0000000000408290        0x8 build/obj/main.o
 .ARM.exidx     0x0000000000408298       0x78 /usr/lib/gcc/arm-none-eabi/4.9.3/armv7-m/libgcc.a(unwind-arm.o)
                                         0xd8 (size before relaxing)
 .ARM.exidx     0x0000000000408310       0x38 /usr/lib/gcc/arm-none-eabi/4.9.3/armv7-m/libgcc.a(pr-support.o)
                                         0x48 (size before relaxing)
 .ARM.exidx     0x0000000000408348        0x0 /usr/lib/gcc/arm-none-eabi/4.9.3/armv7-m/libgcc.a(_divdi3.o)
                                          0x8 (size before relaxing)
 .ARM.exidx     0x0000000000408348        0x0 /usr/lib/gcc/arm-none-eabi/4.9.3/armv7-m/libgcc.a(_udivdi3.o)
                                          0x8 (size before relaxing)
                0x00000000004083b8                PROVIDE (__exidx_end, .)

.rel.dyn        0x00000000004083b8        0x0
 .rel.iplt      0x00000000004083b8        0x0 build/obj/crt0.o

.eh_frame_hdr
 *(.eh_frame_hdr)

.eh_frame
 *(.eh_frame)

.textalign      0x00000000004083b8        0x0
                0x00000000004083b8                . = ALIGN (0x8)
                0x00000000004083b8                _etext = .
                0x00000000004083b8                _textdata = _etext

.stacks         0x0000000020000000      0x800
                0x0000000020000000                . = ALIGN (0x8)
                0x0000000020000000                __main_stack_base__ = .
                0x0000000020000400                . = (. + __main_stack_size__)
 *fill*         0x0000000020000000      0x400 
                0x0000000020000400                . = ALIGN (0x8)
                0x0000000020000400                __main_stack_end__ = .
                0x0000000020000400                __process_stack_base__ = .
                0x0000000020000400                __main_thread_stack_base__ = .
                0x0000000020000800                . = (. + __process_stack_size__)
 *fill*         0x0000000020000400      0x400 
                0x0000000020000800                . = ALIGN (0x8)
                0x0000000020000800                __process_stack_end__ = .
                0x0000000020000800                __main_thread_stack_end__ = .

.data           0x0000000020000800      0x8a4 load address 0x00000000004083b8
                0x0000000020000800                . = ALIGN (0x4)
                0x0000000020000800                PROVIDE (_data, .)
 *(.data)
                0x0000000020000800                . = ALIGN (0x4)
 *(.data.*)
 .data.SystemCoreClock
                0x0000000020000800        0x4 build/obj/system_SAM3.o
                0x0000000020000800                SystemCoreClock
 .data.magSensitivity
                0x0000000020000804       0x10 build/obj/lsm9ds1.o
                0x0000000020000804                magSensitivity
 .data.pid_roll_setpoint
                0x0000000020000814        0x4 build/obj/main.o
                0x0000000020000814                pid_roll_setpoint
 .data.pid_i_gain_roll
                0x0000000020000818        0x4 build/obj/main.o
                0x0000000020000818                pid_i_gain_roll
 .data.maxPwm   0x000000002000081c        0x4 build/obj/main.o
                0x000000002000081c                maxPwm
 .data.pid_d_gain_roll
                0x0000000020000820        0x4 build/obj/main.o
                0x0000000020000820                pid_d_gain_roll
 .data.minPwm   0x0000000020000824        0x4 build/obj/main.o
                0x0000000020000824                minPwm
 .data.pid_max_roll
                0x0000000020000828        0x4 build/obj/main.o
                0x0000000020000828                pid_max_roll
 .data.pid_pitch_setpoint
                0x000000002000082c        0x4 build/obj/main.o
                0x000000002000082c                pid_pitch_setpoint
 .data.pid_p_gain_roll
                0x0000000020000830        0x4 build/obj/main.o
                0x0000000020000830                pid_p_gain_roll
 .data.ptr      0x0000000020000834        0x4 build/obj/main.o
                0x0000000020000834                ptr
 .data.__fdlib_version
                0x0000000020000838        0x1 /usr/lib/gcc/arm-none-eabi/4.9.3/../../../arm-none-eabi/lib/armv7-m/libm.a(lib_a-s_lib_ver.o)
                0x0000000020000838                __fdlib_version
 *fill*         0x0000000020000839        0x7 
 .data.impure_data
                0x0000000020000840      0x428 /usr/lib/gcc/arm-none-eabi/4.9.3/../../../arm-none-eabi/lib/armv7-m/libc.a(lib_a-impure.o)
 .data._impure_ptr
                0x0000000020000c68        0x4 /usr/lib/gcc/arm-none-eabi/4.9.3/../../../arm-none-eabi/lib/armv7-m/libc.a(lib_a-impure.o)
                0x0000000020000c68                _impure_ptr
 .data.lc_ctype_charset
                0x0000000020000c6c       0x20 /usr/lib/gcc/arm-none-eabi/4.9.3/../../../arm-none-eabi/lib/armv7-m/libc.a(lib_a-locale.o)
 .data.__mb_cur_max
                0x0000000020000c8c        0x4 /usr/lib/gcc/arm-none-eabi/4.9.3/../../../arm-none-eabi/lib/armv7-m/libc.a(lib_a-locale.o)
                0x0000000020000c8c                __mb_cur_max
 .data.__malloc_av_
                0x0000000020000c90      0x408 /usr/lib/gcc/arm-none-eabi/4.9.3/../../../arm-none-eabi/lib/armv7-m/libc.a(lib_a-mallocr.o)
                0x0000000020000c90                __malloc_av_
 .data.__malloc_trim_threshold
                0x0000000020001098        0x4 /usr/lib/gcc/arm-none-eabi/4.9.3/../../../arm-none-eabi/lib/armv7-m/libc.a(lib_a-mallocr.o)
                0x0000000020001098                __malloc_trim_threshold
 .data.__malloc_sbrk_base
                0x000000002000109c        0x4 /usr/lib/gcc/arm-none-eabi/4.9.3/../../../arm-none-eabi/lib/armv7-m/libc.a(lib_a-mallocr.o)
                0x000000002000109c                __malloc_sbrk_base
 .data.__wctomb
                0x00000000200010a0        0x4 /usr/lib/gcc/arm-none-eabi/4.9.3/../../../arm-none-eabi/lib/armv7-m/libc.a(lib_a-wctomb_r.o)
                0x00000000200010a0                __wctomb
                0x00000000200010a4                . = ALIGN (0x4)
 *(.ramtext)
                0x00000000200010a4                . = ALIGN (0x4)
                0x00000000200010a4                PROVIDE (_edata, .)

.igot.plt       0x00000000200010a4        0x0 load address 0x0000000000408c5c
 .igot.plt      0x00000000200010a4        0x0 build/obj/crt0.o

.bss            0x00000000200010a8      0x594 load address 0x0000000000408c5c
                0x00000000200010a8                . = ALIGN (0x4)
                0x00000000200010a8                PROVIDE (_bss_start, .)
 *(.bss)
                0x00000000200010a8                . = ALIGN (0x4)
 *(.bss.*)
 .bss.mainthread.4837
                0x00000000200010a8       0x48 build/obj/chsys.o
 .bss._idle_thread_wa
                0x00000000200010f0       0xc0 build/obj/chsys.o
                0x00000000200010f0                _idle_thread_wa
 .bss.vtlist    0x00000000200011b0       0x10 build/obj/chvt.o
                0x00000000200011b0                vtlist
 .bss.rlist     0x00000000200011c0       0x20 build/obj/chschd.o
                0x00000000200011c0                rlist
 .bss.endmem    0x00000000200011e0        0x4 build/obj/chmemcore.o
 .bss.nextmem   0x00000000200011e4        0x4 build/obj/chmemcore.o
 .bss.default_heap
                0x00000000200011e8       0x20 build/obj/chheap.o
 .bss.SD1       0x0000000020001208       0x74 build/obj/serial_lld.o
                0x0000000020001208                SD1
 .bss.SD2       0x000000002000127c       0x74 build/obj/serial_lld.o
                0x000000002000127c                SD2
 .bss.pid_i_gain_pitch
                0x00000000200012f0        0x4 build/obj/main.o
                0x00000000200012f0                pid_i_gain_pitch
 .bss.pid_output_roll
                0x00000000200012f4        0x4 build/obj/main.o
                0x00000000200012f4                pid_output_roll
 .bss.pid_i_mem_roll
                0x00000000200012f8        0x4 build/obj/main.o
                0x00000000200012f8                pid_i_mem_roll
 .bss.pid_output_pitch
                0x00000000200012fc        0x4 build/obj/main.o
                0x00000000200012fc                pid_output_pitch
 .bss.pid_last_roll_d_error
                0x0000000020001300        0x4 build/obj/main.o
                0x0000000020001300                pid_last_roll_d_error
 .bss.dataimu   0x0000000020001304       0x30 build/obj/main.o
                0x0000000020001304                dataimu
 .bss.pid_p_gain_pitch
                0x0000000020001334        0x4 build/obj/main.o
                0x0000000020001334                pid_p_gain_pitch
 .bss.pid_i_mem_pitch
                0x0000000020001338        0x4 build/obj/main.o
                0x0000000020001338                pid_i_mem_pitch
 .bss.pid_max_pitch
                0x000000002000133c        0x4 build/obj/main.o
                0x000000002000133c                pid_max_pitch
 .bss.pid_last_pitch_d_error
                0x0000000020001340        0x4 build/obj/main.o
                0x0000000020001340                pid_last_pitch_d_error
 *fill*         0x0000000020001344        0x4 
 .bss._ZL11waIMUThread
                0x0000000020001348      0x2b0 build/obj/main.o
 .bss.pid_d_gain_pitch
                0x00000000200015f8        0x4 build/obj/main.o
                0x00000000200015f8                pid_d_gain_pitch
 .bss.i2c       0x00000000200015fc        0x8 build/obj/main.o
                0x00000000200015fc                i2c
 .bss.__malloc_max_total_mem
                0x0000000020001604        0x4 /usr/lib/gcc/arm-none-eabi/4.9.3/../../../arm-none-eabi/lib/armv7-m/libc.a(lib_a-mallocr.o)
                0x0000000020001604                __malloc_max_total_mem
 .bss.__malloc_max_sbrked_mem
                0x0000000020001608        0x4 /usr/lib/gcc/arm-none-eabi/4.9.3/../../../arm-none-eabi/lib/armv7-m/libc.a(lib_a-mallocr.o)
                0x0000000020001608                __malloc_max_sbrked_mem
 .bss.__malloc_top_pad
                0x000000002000160c        0x4 /usr/lib/gcc/arm-none-eabi/4.9.3/../../../arm-none-eabi/lib/armv7-m/libc.a(lib_a-mallocr.o)
                0x000000002000160c                __malloc_top_pad
 .bss.__malloc_current_mallinfo
                0x0000000020001610       0x28 /usr/lib/gcc/arm-none-eabi/4.9.3/../../../arm-none-eabi/lib/armv7-m/libc.a(lib_a-mallocr.o)
                0x0000000020001610                __malloc_current_mallinfo
                0x0000000020001638                . = ALIGN (0x4)
 *(COMMON)
 COMMON         0x0000000020001638        0x4 /usr/lib/gcc/arm-none-eabi/4.9.3/../../../arm-none-eabi/lib/armv7-m/libc.a(lib_a-reent.o)
                0x0000000020001638                errno
                0x000000002000163c                . = ALIGN (0x4)
                0x000000002000163c                PROVIDE (_bss_end, .)
                [!provide]                        PROVIDE (end, .)
                0x000000002000163c                _end = .
                0x000000002000163c                __heap_base__ = _end
                0x0000000020008000                __heap_end__ = __ram_end__
OUTPUT(build/ch.elf elf32-littlearm)

.debug_info     0x0000000000000000    0x27eb1
 .debug_info    0x0000000000000000      0x2f2 build/obj/crt0.o
 .debug_info    0x00000000000002f2       0xb3 build/obj/vectors.o
 .debug_info    0x00000000000003a5      0x815 build/obj/chcore_v7m.o
 .debug_info    0x0000000000000bba      0x3ff build/obj/nvic.o
 .debug_info    0x0000000000000fb9      0x6bf build/obj/chsys.o
 .debug_info    0x0000000000001678      0x262 build/obj/chvt.o
 .debug_info    0x00000000000018da      0x8d3 build/obj/chschd.o
 .debug_info    0x00000000000021ad      0xbe1 build/obj/chthreads.o
 .debug_info    0x0000000000002d8e      0x9ec build/obj/chmtx.o
 .debug_info    0x000000000000377a      0xcc8 build/obj/chevents.o
 .debug_info    0x0000000000004442      0xbb3 build/obj/chqueues.o
 .debug_info    0x0000000000004ff5      0x218 build/obj/chmemcore.o
 .debug_info    0x000000000000520d      0x6db build/obj/chheap.o
 .debug_info    0x00000000000058e8      0x188 build/obj/hal.o
 .debug_info    0x0000000000005a70     0x10e9 build/obj/serial.o
 .debug_info    0x0000000000006b59      0x177 build/obj/hal_lld.o
 .debug_info    0x0000000000006cd0      0x42e build/obj/system_SAM3.o
 .debug_info    0x00000000000070fe      0x88c build/obj/pal_lld.o
 .debug_info    0x000000000000798a     0x1594 build/obj/serial_lld.o
 .debug_info    0x0000000000008f1e      0x9e9 build/obj/pio.o
 .debug_info    0x0000000000009907      0x5a8 build/obj/pmc.o
 .debug_info    0x0000000000009eaf      0xb97 build/obj/atmel_twi.o
 .debug_info    0x000000000000aa46      0xa20 build/obj/atmel_twid.o
 .debug_info    0x000000000000b466      0x222 build/obj/atmel_psram.o
 .debug_info    0x000000000000b688      0x735 build/obj/board.o
 .debug_info    0x000000000000bdbd      0xc8d build/obj/syscalls.o
 .debug_info    0x000000000000ca4a     0x1052 build/obj/i2c.o
 .debug_info    0x000000000000da9c     0x3697 build/obj/lsm9ds1.o
 .debug_info    0x0000000000011133     0x3092 build/obj/main.o
 .debug_info    0x00000000000141c5       0xff /usr/lib/gcc/arm-none-eabi/4.9.3/../../../arm-none-eabi/lib/armv7-m/libm.a(lib_a-w_atan2.o)
 .debug_info    0x00000000000142c4      0x208 /usr/lib/gcc/arm-none-eabi/4.9.3/../../../arm-none-eabi/lib/armv7-m/libm.a(lib_a-w_sqrt.o)
 .debug_info    0x00000000000144cc      0x2ad /usr/lib/gcc/arm-none-eabi/4.9.3/../../../arm-none-eabi/lib/armv7-m/libm.a(lib_a-e_atan2.o)
 .debug_info    0x0000000000014779      0x22d /usr/lib/gcc/arm-none-eabi/4.9.3/../../../arm-none-eabi/lib/armv7-m/libm.a(lib_a-e_sqrt.o)
 .debug_info    0x00000000000149a6      0x2ab /usr/lib/gcc/arm-none-eabi/4.9.3/../../../arm-none-eabi/lib/armv7-m/libm.a(lib_a-s_atan.o)
 .debug_info    0x0000000000014c51      0x13a /usr/lib/gcc/arm-none-eabi/4.9.3/../../../arm-none-eabi/lib/armv7-m/libm.a(lib_a-s_fabs.o)
 .debug_info    0x0000000000014d8b       0xd3 /usr/lib/gcc/arm-none-eabi/4.9.3/../../../arm-none-eabi/lib/armv7-m/libm.a(lib_a-s_fpclassify.o)
 .debug_info    0x0000000000014e5e       0xbe /usr/lib/gcc/arm-none-eabi/4.9.3/../../../arm-none-eabi/lib/armv7-m/libm.a(lib_a-s_lib_ver.o)
 .debug_info    0x0000000000014f1c      0x129 /usr/lib/gcc/arm-none-eabi/4.9.3/../../../arm-none-eabi/lib/armv7-m/libm.a(lib_a-s_matherr.o)
 .debug_info    0x0000000000015045       0xba /usr/lib/gcc/arm-none-eabi/4.9.3/armv7-m/libgcc.a(_arm_addsubdf3.o)
 .debug_info    0x00000000000150ff       0xba /usr/lib/gcc/arm-none-eabi/4.9.3/armv7-m/libgcc.a(_arm_muldivdf3.o)
 .debug_info    0x00000000000151b9       0xba /usr/lib/gcc/arm-none-eabi/4.9.3/armv7-m/libgcc.a(_arm_cmpdf2.o)
 .debug_info    0x0000000000015273       0xba /usr/lib/gcc/arm-none-eabi/4.9.3/armv7-m/libgcc.a(_arm_truncdfsf2.o)
 .debug_info    0x000000000001532d       0xba /usr/lib/gcc/arm-none-eabi/4.9.3/armv7-m/libgcc.a(_arm_addsubsf3.o)
 .debug_info    0x00000000000153e7       0xba /usr/lib/gcc/arm-none-eabi/4.9.3/armv7-m/libgcc.a(_arm_muldivsf3.o)
 .debug_info    0x00000000000154a1       0xba /usr/lib/gcc/arm-none-eabi/4.9.3/armv7-m/libgcc.a(_arm_cmpsf2.o)
 .debug_info    0x000000000001555b       0xba /usr/lib/gcc/arm-none-eabi/4.9.3/armv7-m/libgcc.a(_arm_fixsfsi.o)
 .debug_info    0x0000000000015615       0xd4 /usr/lib/gcc/arm-none-eabi/4.9.3/../../../arm-none-eabi/lib/armv7-m/libc.a(lib_a-abort.o)
 .debug_info    0x00000000000156e9      0x997 /usr/lib/gcc/arm-none-eabi/4.9.3/../../../arm-none-eabi/lib/armv7-m/libc.a(lib_a-assert.o)
 .debug_info    0x0000000000016080      0x889 /usr/lib/gcc/arm-none-eabi/4.9.3/../../../arm-none-eabi/lib/armv7-m/libc.a(lib_a-errno.o)
 .debug_info    0x0000000000016909      0x9c3 /usr/lib/gcc/arm-none-eabi/4.9.3/../../../arm-none-eabi/lib/armv7-m/libc.a(lib_a-fiprintf.o)
 .debug_info    0x00000000000172cc      0x894 /usr/lib/gcc/arm-none-eabi/4.9.3/../../../arm-none-eabi/lib/armv7-m/libc.a(lib_a-impure.o)
 .debug_info    0x0000000000017b60       0xcd /usr/lib/gcc/arm-none-eabi/4.9.3/../../../arm-none-eabi/lib/armv7-m/libc.a(lib_a-memcpy.o)
 .debug_info    0x0000000000017c2d      0x117 /usr/lib/gcc/arm-none-eabi/4.9.3/../../../arm-none-eabi/lib/armv7-m/libc.a(lib_a-memset.o)
 .debug_info    0x0000000000017d44      0xbad /usr/lib/gcc/arm-none-eabi/4.9.3/../../../arm-none-eabi/lib/armv7-m/libc.a(lib_a-signal.o)
 .debug_info    0x00000000000188f1      0x956 /usr/lib/gcc/arm-none-eabi/4.9.3/../../../arm-none-eabi/lib/armv7-m/libc.a(lib_a-signalr.o)
 .debug_info    0x0000000000019247     0x152f /usr/lib/gcc/arm-none-eabi/4.9.3/../../../arm-none-eabi/lib/armv7-m/libc.a(lib_a-vfiprintf.o)
 .debug_info    0x000000000001a776      0x93b /usr/lib/gcc/arm-none-eabi/4.9.3/../../../arm-none-eabi/lib/armv7-m/libc.a(lib_a-wsetup.o)
 .debug_info    0x000000000001b0b1      0xab3 /usr/lib/gcc/arm-none-eabi/4.9.3/../../../arm-none-eabi/lib/armv7-m/libc.a(lib_a-fflush.o)
 .debug_info    0x000000000001bb64      0xdc0 /usr/lib/gcc/arm-none-eabi/4.9.3/../../../arm-none-eabi/lib/armv7-m/libc.a(lib_a-findfp.o)
 .debug_info    0x000000000001c924      0xacc /usr/lib/gcc/arm-none-eabi/4.9.3/../../../arm-none-eabi/lib/armv7-m/libc.a(lib_a-fputwc.o)
 .debug_info    0x000000000001d3f0      0xc1c /usr/lib/gcc/arm-none-eabi/4.9.3/../../../arm-none-eabi/lib/armv7-m/libc.a(lib_a-freer.o)
 .debug_info    0x000000000001e00c      0xc63 /usr/lib/gcc/arm-none-eabi/4.9.3/../../../arm-none-eabi/lib/armv7-m/libc.a(lib_a-fvwrite.o)
 .debug_info    0x000000000001ec6f      0x99e /usr/lib/gcc/arm-none-eabi/4.9.3/../../../arm-none-eabi/lib/armv7-m/libc.a(lib_a-fwalk.o)
 .debug_info    0x000000000001f60d      0xc24 /usr/lib/gcc/arm-none-eabi/4.9.3/../../../arm-none-eabi/lib/armv7-m/libc.a(lib_a-locale.o)
 .debug_info    0x0000000000020231      0xae6 /usr/lib/gcc/arm-none-eabi/4.9.3/../../../arm-none-eabi/lib/armv7-m/libc.a(lib_a-makebuf.o)
 .debug_info    0x0000000000020d17      0xd77 /usr/lib/gcc/arm-none-eabi/4.9.3/../../../arm-none-eabi/lib/armv7-m/libc.a(lib_a-mallocr.o)
 .debug_info    0x0000000000021a8e      0x129 /usr/lib/gcc/arm-none-eabi/4.9.3/../../../arm-none-eabi/lib/armv7-m/libc.a(lib_a-memchr.o)
 .debug_info    0x0000000000021bb7      0x131 /usr/lib/gcc/arm-none-eabi/4.9.3/../../../arm-none-eabi/lib/armv7-m/libc.a(lib_a-memmove.o)
 .debug_info    0x0000000000021ce8      0x8b4 /usr/lib/gcc/arm-none-eabi/4.9.3/../../../arm-none-eabi/lib/armv7-m/libc.a(lib_a-mlock.o)
 .debug_info    0x000000000002259c      0xcb3 /usr/lib/gcc/arm-none-eabi/4.9.3/../../../arm-none-eabi/lib/armv7-m/libc.a(lib_a-reallocr.o)
 .debug_info    0x000000000002324f      0x9fb /usr/lib/gcc/arm-none-eabi/4.9.3/../../../arm-none-eabi/lib/armv7-m/libc.a(lib_a-reent.o)
 .debug_info    0x0000000000023c4a      0xb8a /usr/lib/gcc/arm-none-eabi/4.9.3/../../../arm-none-eabi/lib/armv7-m/libc.a(lib_a-stdio.o)
 .debug_info    0x00000000000247d4       0xb5 /usr/lib/gcc/arm-none-eabi/4.9.3/../../../arm-none-eabi/lib/armv7-m/libc.a(lib_a-strlen.o)
 .debug_info    0x0000000000024889      0x9cc /usr/lib/gcc/arm-none-eabi/4.9.3/../../../arm-none-eabi/lib/armv7-m/libc.a(lib_a-wbuf.o)
 .debug_info    0x0000000000025255      0xa75 /usr/lib/gcc/arm-none-eabi/4.9.3/../../../arm-none-eabi/lib/armv7-m/libc.a(lib_a-wcrtomb.o)
 .debug_info    0x0000000000025cca      0x9b5 /usr/lib/gcc/arm-none-eabi/4.9.3/../../../arm-none-eabi/lib/armv7-m/libc.a(lib_a-wctomb_r.o)
 .debug_info    0x000000000002667f      0xa28 /usr/lib/gcc/arm-none-eabi/4.9.3/../../../arm-none-eabi/lib/armv7-m/libc.a(lib_a-fclose.o)
 .debug_info    0x00000000000270a7       0xb5 /usr/lib/gcc/arm-none-eabi/4.9.3/armv7-m/libgcc.a(_aeabi_uldivmod.o)
 .debug_info    0x000000000002715c      0x164 /usr/lib/gcc/arm-none-eabi/4.9.3/armv7-m/libgcc.a(bpabi.o)
 .debug_info    0x00000000000272c0       0xb9 /usr/lib/gcc/arm-none-eabi/4.9.3/armv7-m/libgcc.a(_dvmd_tls.o)
 .debug_info    0x0000000000027379      0x5bc /usr/lib/gcc/arm-none-eabi/4.9.3/armv7-m/libgcc.a(_divdi3.o)
 .debug_info    0x0000000000027935      0x57c /usr/lib/gcc/arm-none-eabi/4.9.3/armv7-m/libgcc.a(_udivdi3.o)

.debug_abbrev   0x0000000000000000     0x8752
 .debug_abbrev  0x0000000000000000      0x13a build/obj/crt0.o
 .debug_abbrev  0x000000000000013a       0x75 build/obj/vectors.o
 .debug_abbrev  0x00000000000001af      0x23f build/obj/chcore_v7m.o
 .debug_abbrev  0x00000000000003ee      0x10e build/obj/nvic.o
 .debug_abbrev  0x00000000000004fc      0x211 build/obj/chsys.o
 .debug_abbrev  0x000000000000070d      0x133 build/obj/chvt.o
 .debug_abbrev  0x0000000000000840      0x311 build/obj/chschd.o
 .debug_abbrev  0x0000000000000b51      0x335 build/obj/chthreads.o
 .debug_abbrev  0x0000000000000e86      0x303 build/obj/chmtx.o
 .debug_abbrev  0x0000000000001189      0x2c2 build/obj/chevents.o
 .debug_abbrev  0x000000000000144b      0x335 build/obj/chqueues.o
 .debug_abbrev  0x0000000000001780      0x15b build/obj/chmemcore.o
 .debug_abbrev  0x00000000000018db      0x1e7 build/obj/chheap.o
 .debug_abbrev  0x0000000000001ac2      0x10a build/obj/hal.o
 .debug_abbrev  0x0000000000001bcc      0x2c0 build/obj/serial.o
 .debug_abbrev  0x0000000000001e8c      0x114 build/obj/hal_lld.o
 .debug_abbrev  0x0000000000001fa0       0xe3 build/obj/system_SAM3.o
 .debug_abbrev  0x0000000000002083      0x11b build/obj/pal_lld.o
 .debug_abbrev  0x000000000000219e      0x3c2 build/obj/serial_lld.o
 .debug_abbrev  0x0000000000002560      0x1f4 build/obj/pio.o
 .debug_abbrev  0x0000000000002754      0x15e build/obj/pmc.o
 .debug_abbrev  0x00000000000028b2      0x21a build/obj/atmel_twi.o
 .debug_abbrev  0x0000000000002acc      0x22c build/obj/atmel_twid.o
 .debug_abbrev  0x0000000000002cf8      0x10e build/obj/atmel_psram.o
 .debug_abbrev  0x0000000000002e06      0x16a build/obj/board.o
 .debug_abbrev  0x0000000000002f70      0x23a build/obj/syscalls.o
 .debug_abbrev  0x00000000000031aa      0x255 build/obj/i2c.o
 .debug_abbrev  0x00000000000033ff      0x4c3 build/obj/lsm9ds1.o
 .debug_abbrev  0x00000000000038c2      0x5cb build/obj/main.o
 .debug_abbrev  0x0000000000003e8d       0x89 /usr/lib/gcc/arm-none-eabi/4.9.3/../../../arm-none-eabi/lib/armv7-m/libm.a(lib_a-w_atan2.o)
 .debug_abbrev  0x0000000000003f16      0x13a /usr/lib/gcc/arm-none-eabi/4.9.3/../../../arm-none-eabi/lib/armv7-m/libm.a(lib_a-w_sqrt.o)
 .debug_abbrev  0x0000000000004050      0x142 /usr/lib/gcc/arm-none-eabi/4.9.3/../../../arm-none-eabi/lib/armv7-m/libm.a(lib_a-e_atan2.o)
 .debug_abbrev  0x0000000000004192      0x109 /usr/lib/gcc/arm-none-eabi/4.9.3/../../../arm-none-eabi/lib/armv7-m/libm.a(lib_a-e_sqrt.o)
 .debug_abbrev  0x000000000000429b      0x140 /usr/lib/gcc/arm-none-eabi/4.9.3/../../../arm-none-eabi/lib/armv7-m/libm.a(lib_a-s_atan.o)
 .debug_abbrev  0x00000000000043db       0xbb /usr/lib/gcc/arm-none-eabi/4.9.3/../../../arm-none-eabi/lib/armv7-m/libm.a(lib_a-s_fabs.o)
 .debug_abbrev  0x0000000000004496       0x6d /usr/lib/gcc/arm-none-eabi/4.9.3/../../../arm-none-eabi/lib/armv7-m/libm.a(lib_a-s_fpclassify.o)
 .debug_abbrev  0x0000000000004503       0x4f /usr/lib/gcc/arm-none-eabi/4.9.3/../../../arm-none-eabi/lib/armv7-m/libm.a(lib_a-s_lib_ver.o)
 .debug_abbrev  0x0000000000004552       0x9a /usr/lib/gcc/arm-none-eabi/4.9.3/../../../arm-none-eabi/lib/armv7-m/libm.a(lib_a-s_matherr.o)
 .debug_abbrev  0x00000000000045ec       0x14 /usr/lib/gcc/arm-none-eabi/4.9.3/armv7-m/libgcc.a(_arm_addsubdf3.o)
 .debug_abbrev  0x0000000000004600       0x14 /usr/lib/gcc/arm-none-eabi/4.9.3/armv7-m/libgcc.a(_arm_muldivdf3.o)
 .debug_abbrev  0x0000000000004614       0x14 /usr/lib/gcc/arm-none-eabi/4.9.3/armv7-m/libgcc.a(_arm_cmpdf2.o)
 .debug_abbrev  0x0000000000004628       0x14 /usr/lib/gcc/arm-none-eabi/4.9.3/armv7-m/libgcc.a(_arm_truncdfsf2.o)
 .debug_abbrev  0x000000000000463c       0x14 /usr/lib/gcc/arm-none-eabi/4.9.3/armv7-m/libgcc.a(_arm_addsubsf3.o)
 .debug_abbrev  0x0000000000004650       0x14 /usr/lib/gcc/arm-none-eabi/4.9.3/armv7-m/libgcc.a(_arm_muldivsf3.o)
 .debug_abbrev  0x0000000000004664       0x14 /usr/lib/gcc/arm-none-eabi/4.9.3/armv7-m/libgcc.a(_arm_cmpsf2.o)
 .debug_abbrev  0x0000000000004678       0x14 /usr/lib/gcc/arm-none-eabi/4.9.3/armv7-m/libgcc.a(_arm_fixsfsi.o)
 .debug_abbrev  0x000000000000468c       0x95 /usr/lib/gcc/arm-none-eabi/4.9.3/../../../arm-none-eabi/lib/armv7-m/libc.a(lib_a-abort.o)
 .debug_abbrev  0x0000000000004721      0x1f8 /usr/lib/gcc/arm-none-eabi/4.9.3/../../../arm-none-eabi/lib/armv7-m/libc.a(lib_a-assert.o)
 .debug_abbrev  0x0000000000004919      0x18f /usr/lib/gcc/arm-none-eabi/4.9.3/../../../arm-none-eabi/lib/armv7-m/libc.a(lib_a-errno.o)
 .debug_abbrev  0x0000000000004aa8      0x1fa /usr/lib/gcc/arm-none-eabi/4.9.3/../../../arm-none-eabi/lib/armv7-m/libc.a(lib_a-fiprintf.o)
 .debug_abbrev  0x0000000000004ca2      0x180 /usr/lib/gcc/arm-none-eabi/4.9.3/../../../arm-none-eabi/lib/armv7-m/libc.a(lib_a-impure.o)
 .debug_abbrev  0x0000000000004e22       0x14 /usr/lib/gcc/arm-none-eabi/4.9.3/../../../arm-none-eabi/lib/armv7-m/libc.a(lib_a-memcpy.o)
 .debug_abbrev  0x0000000000004e36       0x9f /usr/lib/gcc/arm-none-eabi/4.9.3/../../../arm-none-eabi/lib/armv7-m/libc.a(lib_a-memset.o)
 .debug_abbrev  0x0000000000004ed5      0x2d7 /usr/lib/gcc/arm-none-eabi/4.9.3/../../../arm-none-eabi/lib/armv7-m/libc.a(lib_a-signal.o)
 .debug_abbrev  0x00000000000051ac      0x20a /usr/lib/gcc/arm-none-eabi/4.9.3/../../../arm-none-eabi/lib/armv7-m/libc.a(lib_a-signalr.o)
 .debug_abbrev  0x00000000000053b6      0x3c9 /usr/lib/gcc/arm-none-eabi/4.9.3/../../../arm-none-eabi/lib/armv7-m/libc.a(lib_a-vfiprintf.o)
 .debug_abbrev  0x000000000000577f      0x20b /usr/lib/gcc/arm-none-eabi/4.9.3/../../../arm-none-eabi/lib/armv7-m/libc.a(lib_a-wsetup.o)
 .debug_abbrev  0x000000000000598a      0x2a1 /usr/lib/gcc/arm-none-eabi/4.9.3/../../../arm-none-eabi/lib/armv7-m/libc.a(lib_a-fflush.o)
 .debug_abbrev  0x0000000000005c2b      0x36d /usr/lib/gcc/arm-none-eabi/4.9.3/../../../arm-none-eabi/lib/armv7-m/libc.a(lib_a-findfp.o)
 .debug_abbrev  0x0000000000005f98      0x28e /usr/lib/gcc/arm-none-eabi/4.9.3/../../../arm-none-eabi/lib/armv7-m/libc.a(lib_a-fputwc.o)
 .debug_abbrev  0x0000000000006226      0x27b /usr/lib/gcc/arm-none-eabi/4.9.3/../../../arm-none-eabi/lib/armv7-m/libc.a(lib_a-freer.o)
 .debug_abbrev  0x00000000000064a1      0x24a /usr/lib/gcc/arm-none-eabi/4.9.3/../../../arm-none-eabi/lib/armv7-m/libc.a(lib_a-fvwrite.o)
 .debug_abbrev  0x00000000000066eb      0x1c2 /usr/lib/gcc/arm-none-eabi/4.9.3/../../../arm-none-eabi/lib/armv7-m/libc.a(lib_a-fwalk.o)
 .debug_abbrev  0x00000000000068ad      0x2ac /usr/lib/gcc/arm-none-eabi/4.9.3/../../../arm-none-eabi/lib/armv7-m/libc.a(lib_a-locale.o)
 .debug_abbrev  0x0000000000006b59      0x206 /usr/lib/gcc/arm-none-eabi/4.9.3/../../../arm-none-eabi/lib/armv7-m/libc.a(lib_a-makebuf.o)
 .debug_abbrev  0x0000000000006d5f      0x2ad /usr/lib/gcc/arm-none-eabi/4.9.3/../../../arm-none-eabi/lib/armv7-m/libc.a(lib_a-mallocr.o)
 .debug_abbrev  0x000000000000700c       0xba /usr/lib/gcc/arm-none-eabi/4.9.3/../../../arm-none-eabi/lib/armv7-m/libc.a(lib_a-memchr.o)
 .debug_abbrev  0x00000000000070c6       0xab /usr/lib/gcc/arm-none-eabi/4.9.3/../../../arm-none-eabi/lib/armv7-m/libc.a(lib_a-memmove.o)
 .debug_abbrev  0x0000000000007171      0x19a /usr/lib/gcc/arm-none-eabi/4.9.3/../../../arm-none-eabi/lib/armv7-m/libc.a(lib_a-mlock.o)
 .debug_abbrev  0x000000000000730b      0x260 /usr/lib/gcc/arm-none-eabi/4.9.3/../../../arm-none-eabi/lib/armv7-m/libc.a(lib_a-reallocr.o)
 .debug_abbrev  0x000000000000756b      0x25c /usr/lib/gcc/arm-none-eabi/4.9.3/../../../arm-none-eabi/lib/armv7-m/libc.a(lib_a-reent.o)
 .debug_abbrev  0x00000000000077c7      0x246 /usr/lib/gcc/arm-none-eabi/4.9.3/../../../arm-none-eabi/lib/armv7-m/libc.a(lib_a-stdio.o)
 .debug_abbrev  0x0000000000007a0d       0x70 /usr/lib/gcc/arm-none-eabi/4.9.3/../../../arm-none-eabi/lib/armv7-m/libc.a(lib_a-strlen.o)
 .debug_abbrev  0x0000000000007a7d      0x25b /usr/lib/gcc/arm-none-eabi/4.9.3/../../../arm-none-eabi/lib/armv7-m/libc.a(lib_a-wbuf.o)
 .debug_abbrev  0x0000000000007cd8      0x222 /usr/lib/gcc/arm-none-eabi/4.9.3/../../../arm-none-eabi/lib/armv7-m/libc.a(lib_a-wcrtomb.o)
 .debug_abbrev  0x0000000000007efa      0x212 /usr/lib/gcc/arm-none-eabi/4.9.3/../../../arm-none-eabi/lib/armv7-m/libc.a(lib_a-wctomb_r.o)
 .debug_abbrev  0x000000000000810c      0x2aa /usr/lib/gcc/arm-none-eabi/4.9.3/../../../arm-none-eabi/lib/armv7-m/libc.a(lib_a-fclose.o)
 .debug_abbrev  0x00000000000083b6       0x14 /usr/lib/gcc/arm-none-eabi/4.9.3/armv7-m/libgcc.a(_aeabi_uldivmod.o)
 .debug_abbrev  0x00000000000083ca       0xb7 /usr/lib/gcc/arm-none-eabi/4.9.3/armv7-m/libgcc.a(bpabi.o)
 .debug_abbrev  0x0000000000008481       0x14 /usr/lib/gcc/arm-none-eabi/4.9.3/armv7-m/libgcc.a(_dvmd_tls.o)
 .debug_abbrev  0x0000000000008495      0x169 /usr/lib/gcc/arm-none-eabi/4.9.3/armv7-m/libgcc.a(_divdi3.o)
 .debug_abbrev  0x00000000000085fe      0x154 /usr/lib/gcc/arm-none-eabi/4.9.3/armv7-m/libgcc.a(_udivdi3.o)

.debug_loc      0x0000000000000000    0x10a55
 .debug_loc     0x0000000000000000       0xba build/obj/crt0.o
 .debug_loc     0x00000000000000ba       0x5a build/obj/chcore_v7m.o
 .debug_loc     0x0000000000000114      0x158 build/obj/nvic.o
 .debug_loc     0x000000000000026c       0x31 build/obj/chsys.o
 .debug_loc     0x000000000000029d       0xd9 build/obj/chvt.o
 .debug_loc     0x0000000000000376      0x2a4 build/obj/chschd.o
 .debug_loc     0x000000000000061a      0x423 build/obj/chthreads.o
 .debug_loc     0x0000000000000a3d      0x41a build/obj/chmtx.o
 .debug_loc     0x0000000000000e57      0x591 build/obj/chevents.o
 .debug_loc     0x00000000000013e8      0x4f5 build/obj/chqueues.o
 .debug_loc     0x00000000000018dd       0xb0 build/obj/chmemcore.o
 .debug_loc     0x000000000000198d      0x3a1 build/obj/chheap.o
 .debug_loc     0x0000000000001d2e      0x4e0 build/obj/serial.o
 .debug_loc     0x000000000000220e       0x42 build/obj/pal_lld.o
 .debug_loc     0x0000000000002250      0x299 build/obj/serial_lld.o
 .debug_loc     0x00000000000024e9      0x39a build/obj/pio.o
 .debug_loc     0x0000000000002883      0x269 build/obj/pmc.o
 .debug_loc     0x0000000000002aec      0x83c build/obj/atmel_twi.o
 .debug_loc     0x0000000000003328      0x8f6 build/obj/atmel_twid.o
 .debug_loc     0x0000000000003c1e       0x50 build/obj/atmel_psram.o
 .debug_loc     0x0000000000003c6e      0x1a4 build/obj/syscalls.o
 .debug_loc     0x0000000000003e12      0x254 build/obj/i2c.o
 .debug_loc     0x0000000000004066     0x295e build/obj/lsm9ds1.o
 .debug_loc     0x00000000000069c4      0xec1 build/obj/main.o
 .debug_loc     0x0000000000007885       0x50 /usr/lib/gcc/arm-none-eabi/4.9.3/../../../arm-none-eabi/lib/armv7-m/libm.a(lib_a-w_atan2.o)
 .debug_loc     0x00000000000078d5       0x40 /usr/lib/gcc/arm-none-eabi/4.9.3/../../../arm-none-eabi/lib/armv7-m/libm.a(lib_a-w_sqrt.o)
 .debug_loc     0x0000000000007915      0x65c /usr/lib/gcc/arm-none-eabi/4.9.3/../../../arm-none-eabi/lib/armv7-m/libm.a(lib_a-e_atan2.o)
 .debug_loc     0x0000000000007f71      0x4ce /usr/lib/gcc/arm-none-eabi/4.9.3/../../../arm-none-eabi/lib/armv7-m/libm.a(lib_a-e_sqrt.o)
 .debug_loc     0x000000000000843f      0x384 /usr/lib/gcc/arm-none-eabi/4.9.3/../../../arm-none-eabi/lib/armv7-m/libm.a(lib_a-s_atan.o)
 .debug_loc     0x00000000000087c3       0x2b /usr/lib/gcc/arm-none-eabi/4.9.3/../../../arm-none-eabi/lib/armv7-m/libm.a(lib_a-s_fabs.o)
 .debug_loc     0x00000000000087ee       0xa8 /usr/lib/gcc/arm-none-eabi/4.9.3/../../../arm-none-eabi/lib/armv7-m/libm.a(lib_a-s_fpclassify.o)
 .debug_loc     0x0000000000008896       0x21 /usr/lib/gcc/arm-none-eabi/4.9.3/../../../arm-none-eabi/lib/armv7-m/libm.a(lib_a-s_matherr.o)
 .debug_loc     0x00000000000088b7      0x135 /usr/lib/gcc/arm-none-eabi/4.9.3/../../../arm-none-eabi/lib/armv7-m/libc.a(lib_a-assert.o)
 .debug_loc     0x00000000000089ec       0x6e /usr/lib/gcc/arm-none-eabi/4.9.3/../../../arm-none-eabi/lib/armv7-m/libc.a(lib_a-fiprintf.o)
 .debug_loc     0x0000000000008a5a      0x1ae /usr/lib/gcc/arm-none-eabi/4.9.3/../../../arm-none-eabi/lib/armv7-m/libc.a(lib_a-memset.o)
 .debug_loc     0x0000000000008c08      0x433 /usr/lib/gcc/arm-none-eabi/4.9.3/../../../arm-none-eabi/lib/armv7-m/libc.a(lib_a-signal.o)
 .debug_loc     0x000000000000903b       0x9a /usr/lib/gcc/arm-none-eabi/4.9.3/../../../arm-none-eabi/lib/armv7-m/libc.a(lib_a-signalr.o)
 .debug_loc     0x00000000000090d5     0x197b /usr/lib/gcc/arm-none-eabi/4.9.3/../../../arm-none-eabi/lib/armv7-m/libc.a(lib_a-vfiprintf.o)
 .debug_loc     0x000000000000aa50       0x8c /usr/lib/gcc/arm-none-eabi/4.9.3/../../../arm-none-eabi/lib/armv7-m/libc.a(lib_a-wsetup.o)
 .debug_loc     0x000000000000aadc      0x236 /usr/lib/gcc/arm-none-eabi/4.9.3/../../../arm-none-eabi/lib/armv7-m/libc.a(lib_a-fflush.o)
 .debug_loc     0x000000000000ad12      0x22e /usr/lib/gcc/arm-none-eabi/4.9.3/../../../arm-none-eabi/lib/armv7-m/libc.a(lib_a-findfp.o)
 .debug_loc     0x000000000000af40      0x1ff /usr/lib/gcc/arm-none-eabi/4.9.3/../../../arm-none-eabi/lib/armv7-m/libc.a(lib_a-fputwc.o)